<html>
<body>
<pre>
<h1>µVision Build Log</h1>
<h2>Tool Versions:</h2>
IDE-Version: ¦ÌVision V5.37.0.0
Copyright (C) 2022 ARM Ltd and ARM Germany GmbH. All rights reserved.
License Information: adf lenovo, asdf, LIC=SDA0P-M2FR5-2ZEW4-FP7SA-M93MF-9WGIT
 
Tool Versions:
Toolchain:       MDK-ARM Plus  Version: 5.37.0.0
Toolchain Path:  D:\Softwares\Keil5\ARM\ARM_Compiler_5.06u7\Bin
C Compiler:      Armcc.exe V5.06 update 7 (build 960)
Assembler:       Armasm.exe V5.06 update 7 (build 960)
Linker/Locator:  ArmLink.exe V5.06 update 7 (build 960)
Library Manager: ArmAr.exe V5.06 update 7 (build 960)
Hex Converter:   FromElf.exe V5.06 update 7 (build 960)
CPU DLL:         SARMCM3.DLL V5.37.0.0
Dialog DLL:      DCM.DLL V1.17.5.0
Target DLL:      CMSIS_AGDI.dll V1.33.12.0
Dialog DLL:      TCM.DLL V1.56.1.0
 
<h2>Project:</h2>
d:\MyWorks\Programs\Github\IS2023B\IS2023B_STM32\IS2023B\MDK-ARM\IS2023B.uvprojx
Project File Date:  07/30/2023

<h2>Output:</h2>
*** Using Compiler 'V5.06 update 7 (build 960)', folder: 'D:\Softwares\Keil5\ARM\ARM_Compiler_5.06u7\Bin'
Build target 'IS2023B'
assembling startup_stm32f407xx.s...
compiling stm32f4xx_hal_msp.c...
compiling dma.c...
compiling usart.c...
compiling USART_HMI.c...
..\Core\Src\USART_HMI.c(161): warning:  #177-D: function "UARTHMI_Set_Float"  was declared but never referenced
  static void UARTHMI_Set_Float(int index, float float_num, uint8_t digits_for_integer, uint8_t digits_for_decimals)
..\Core\Src\USART_HMI.c: 1 warning, 0 errors
compiling adc.c...
../Core/Src/adc.c(244): warning:  #550-D: variable "max_index"  was set but never used
    int max_index = 0;
../Core/Src/adc.c(245): warning:  #550-D: variable "min_index"  was set but never used
    int min_index = 0;
../Core/Src/adc.c(174): warning:  #177-D: function "Min"  was declared but never referenced
  inline static int Min(int a, int b)
../Core/Src/adc.c(179): warning:  #177-D: function "max_u32"  was declared but never referenced
  static inline uint32_t max_u32(uint32_t a, uint32_t b)
../Core/Src/adc.c(227): warning:  #177-D: function "Get_Median"  was declared but never referenced
  static float Get_Median(float* p, uint32_t len)
../Core/Src/adc.c: 5 warnings, 0 errors
compiling tim.c...
compiling main.c...
compiling gpio.c...
compiling stm32f4xx_it.c...
linking...
Program Size: Code=21404 RO-data=568 RW-data=112 ZI-data=11280  
FromELF: creating hex file...
"IS2023B\IS2023B.axf" - 0 Error(s), 6 Warning(s).

<h2>Software Packages used:</h2>

Package Vendor: ARM
                http://www.keil.com/pack/ARM.CMSIS.5.9.0.pack
                ARM.CMSIS.5.9.0
                CMSIS (Common Microcontroller Software Interface Standard)
   * Component: CORE Version: 5.6.0

Package Vendor: Keil
                http://www.keil.com/pack/Keil.STM32F4xx_DFP.2.16.0.pack
                Keil.STM32F4xx_DFP.2.16.0
                STMicroelectronics STM32F4 Series Device Support, Drivers and Examples

<h2>Collection of Component include folders:</h2>
  ./RTE/_IS2023B
  D:/SoftwareDocuments/Keil5Pack/ARM/CMSIS/5.9.0/CMSIS/Core/Include
  D:/SoftwareDocuments/Keil5Pack/Keil/STM32F4xx_DFP/2.16.0/Drivers/CMSIS/Device/ST/STM32F4xx/Include

<h2>Collection of Component Files used:</h2>

   * Component: ARM::CMSIS:CORE:5.6.0
      Include file:  CMSIS/Core/Include/tz_context.h
Build Time Elapsed:  00:00:05
</pre>
</body>
</html>
