Component: ARM Compiler 5.06 update 7 (build 960) Tool: armlink [4d3601]

==============================================================================

Section Cross References

    startup_stm32f407xx.o(RESET) refers to startup_stm32f407xx.o(STACK) for __initial_sp
    startup_stm32f407xx.o(RESET) refers to startup_stm32f407xx.o(.text) for Reset_Handler
    startup_stm32f407xx.o(RESET) refers to stm32f4xx_it.o(i.NMI_Handler) for NMI_Handler
    startup_stm32f407xx.o(RESET) refers to stm32f4xx_it.o(i.HardFault_Handler) for HardFault_Handler
    startup_stm32f407xx.o(RESET) refers to stm32f4xx_it.o(i.MemManage_Handler) for MemManage_Handler
    startup_stm32f407xx.o(RESET) refers to stm32f4xx_it.o(i.BusFault_Handler) for BusFault_Handler
    startup_stm32f407xx.o(RESET) refers to stm32f4xx_it.o(i.UsageFault_Handler) for UsageFault_Handler
    startup_stm32f407xx.o(RESET) refers to stm32f4xx_it.o(i.SVC_Handler) for SVC_Handler
    startup_stm32f407xx.o(RESET) refers to stm32f4xx_it.o(i.DebugMon_Handler) for DebugMon_Handler
    startup_stm32f407xx.o(RESET) refers to stm32f4xx_it.o(i.PendSV_Handler) for PendSV_Handler
    startup_stm32f407xx.o(RESET) refers to stm32f4xx_it.o(i.SysTick_Handler) for SysTick_Handler
    startup_stm32f407xx.o(RESET) refers to stm32f4xx_it.o(i.EXTI0_IRQHandler) for EXTI0_IRQHandler
    startup_stm32f407xx.o(RESET) refers to stm32f4xx_it.o(i.EXTI1_IRQHandler) for EXTI1_IRQHandler
    startup_stm32f407xx.o(RESET) refers to stm32f4xx_it.o(i.EXTI2_IRQHandler) for EXTI2_IRQHandler
    startup_stm32f407xx.o(RESET) refers to stm32f4xx_it.o(i.EXTI3_IRQHandler) for EXTI3_IRQHandler
    startup_stm32f407xx.o(RESET) refers to stm32f4xx_it.o(i.USART1_IRQHandler) for USART1_IRQHandler
    startup_stm32f407xx.o(RESET) refers to stm32f4xx_it.o(i.TIM5_IRQHandler) for TIM5_IRQHandler
    startup_stm32f407xx.o(RESET) refers to stm32f4xx_it.o(i.DMA2_Stream0_IRQHandler) for DMA2_Stream0_IRQHandler
    startup_stm32f407xx.o(.text) refers to system_stm32f4xx.o(i.SystemInit) for SystemInit
    startup_stm32f407xx.o(.text) refers to entry.o(.ARM.Collect$$$$00000000) for __main
    usart_hmi.o(i.UARTHMI_Append_Ending) refers to strlen.o(.text) for strlen
    usart_hmi.o(i.UARTHMI_Cross_Page_Set_Number) refers to memseta.o(.text) for __aeabi_memclr4
    usart_hmi.o(i.UARTHMI_Cross_Page_Set_Number) refers to printf3.o(i.__0sprintf$3) for __2sprintf
    usart_hmi.o(i.UARTHMI_Cross_Page_Set_Number) refers to strlen.o(.text) for strlen
    usart_hmi.o(i.UARTHMI_Cross_Page_Set_Number) refers to usart.o(i.USART_Send_Data_Direct) for USART_Send_Data_Direct
    usart_hmi.o(i.UARTHMI_Draw_ADC_Wave) refers to memseta.o(.text) for __aeabi_memclr4
    usart_hmi.o(i.UARTHMI_Draw_ADC_Wave) refers to printf3.o(i.__0sprintf$3) for __2sprintf
    usart_hmi.o(i.UARTHMI_Draw_ADC_Wave) refers to strlen.o(.text) for strlen
    usart_hmi.o(i.UARTHMI_Draw_ADC_Wave) refers to usart.o(i.USART_Send_Data_Direct) for USART_Send_Data_Direct
    usart_hmi.o(i.UARTHMI_Draw_ADC_Wave) refers to usart.o(.data) for ready_to_receive
    usart_hmi.o(i.UARTHMI_Draw_Curve_addt) refers to printf3.o(i.__0printf$3) for __2printf
    usart_hmi.o(i.UARTHMI_Draw_Curve_addt) refers to usart.o(i.USART_Send_Data_Direct) for USART_Send_Data_Direct
    usart_hmi.o(i.UARTHMI_Draw_Curve_addt) refers to usart.o(.data) for ready_to_receive
    usart_hmi.o(i.UARTHMI_Draw_Curve_addt) refers to usart_hmi.o(.bss) for .bss
    usart_hmi.o(i.UARTHMI_Forget_It) refers to printf3.o(i.__0printf$3) for __2printf
    usart_hmi.o(i.UARTHMI_Reset) refers to printf3.o(i.__0printf$3) for __2printf
    usart_hmi.o(i.UARTHMI_Send_Float) refers to printf3.o(i.__0printf$3) for __2printf
    usart_hmi.o(i.UARTHMI_Send_Number) refers to usart_hmi.o(i.UARTHMI_Set_Number) for UARTHMI_Set_Number
    usart_hmi.o(i.UARTHMI_Set_Number) refers to usart_hmi.o(i.UARTHMI_Get_Integer_Digits) for UARTHMI_Get_Integer_Digits
    usart_hmi.o(i.UARTHMI_Set_Number) refers to malloc.o(i.malloc) for malloc
    usart_hmi.o(i.UARTHMI_Set_Number) refers to memseta.o(.text) for __aeabi_memclr
    usart_hmi.o(i.UARTHMI_Set_Number) refers to printf3.o(i.__0sprintf$3) for __2sprintf
    usart_hmi.o(i.UARTHMI_Set_Number) refers to usart_hmi.o(i.UARTHMI_Append_Ending) for UARTHMI_Append_Ending
    usart_hmi.o(i.UARTHMI_Set_Number) refers to usart.o(i.USART_Send_Data_Direct) for USART_Send_Data_Direct
    usart_hmi.o(i.UARTHMI_Set_Number) refers to malloc.o(i.free) for free
    usart_hmi.o(i.UARTHMI_Set_Text) refers to usart_hmi.o(i.UARTHMI_Get_Integer_Digits) for UARTHMI_Get_Integer_Digits
    usart_hmi.o(i.UARTHMI_Set_Text) refers to strlen.o(.text) for strlen
    usart_hmi.o(i.UARTHMI_Set_Text) refers to malloc.o(i.malloc) for malloc
    usart_hmi.o(i.UARTHMI_Set_Text) refers to memseta.o(.text) for __aeabi_memclr
    usart_hmi.o(i.UARTHMI_Set_Text) refers to printf3.o(i.__0sprintf$3) for __2sprintf
[...]
    ../fplib/microlib/fpadd.c                0x00000000   Number         0  dadd.o ABSOLUTE
    ../fplib/microlib/fpdiv.c                0x00000000   Number         0  ddiv.o ABSOLUTE
    ../fplib/microlib/fpepilogue.c           0x00000000   Number         0  depilogue.o ABSOLUTE
    ../fplib/microlib/fpfix.c                0x00000000   Number         0  dfixul.o ABSOLUTE
    ../fplib/microlib/fpmul.c                0x00000000   Number         0  dmul.o ABSOLUTE
    ../fplib/microlib/fpstat.c               0x00000000   Number         0  fpstat.o ABSOLUTE
    ../mathlib/expf.c                        0x00000000   Number         0  expf.o ABSOLUTE
    ../mathlib/expf.c                        0x00000000   Number         0  expf_x.o ABSOLUTE
    ../mathlib/fpclassifyf.c                 0x00000000   Number         0  fpclassifyf.o ABSOLUTE
    ../mathlib/funder.c                      0x00000000   Number         0  funder.o ABSOLUTE
    ../mathlib/logf.c                        0x00000000   Number         0  logf_x.o ABSOLUTE
    ../mathlib/logf.c                        0x00000000   Number         0  logf.o ABSOLUTE
    ../mathlib/sqrtf.c                       0x00000000   Number         0  sqrtf_x.o ABSOLUTE
    ../mathlib/sqrtf.c                       0x00000000   Number         0  sqrtf.o ABSOLUTE
    ..\Core\Src\USART_HMI.c                  0x00000000   Number         0  usart_hmi.o ABSOLUTE
    ..\Core\Src\adc.c                        0x00000000   Number         0  adc.o ABSOLUTE
    ..\Core\Src\dma.c                        0x00000000   Number         0  dma.o ABSOLUTE
    ..\Core\Src\gpio.c                       0x00000000   Number         0  gpio.o ABSOLUTE
    ..\Core\Src\main.c                       0x00000000   Number         0  main.o ABSOLUTE
    ..\Core\Src\stm32f4xx_hal_msp.c          0x00000000   Number         0  stm32f4xx_hal_msp.o ABSOLUTE
    ..\Core\Src\stm32f4xx_it.c               0x00000000   Number         0  stm32f4xx_it.o ABSOLUTE
    ..\Core\Src\system_stm32f4xx.c           0x00000000   Number         0  system_stm32f4xx.o ABSOLUTE
    ..\Core\Src\tim.c                        0x00000000   Number         0  tim.o ABSOLUTE
    ..\Core\Src\usart.c                      0x00000000   Number         0  usart.o ABSOLUTE
    ..\Drivers\STM32F4xx_HAL_Driver\Src\stm32f4xx_hal.c 0x00000000   Number         0  stm32f4xx_hal.o ABSOLUTE
    ..\Drivers\STM32F4xx_HAL_Driver\Src\stm32f4xx_hal_adc.c 0x00000000   Number         0  stm32f4xx_hal_adc.o ABSOLUTE
    ..\Drivers\STM32F4xx_HAL_Driver\Src\stm32f4xx_hal_adc_ex.c 0x00000000   Number         0  stm32f4xx_hal_adc_ex.o ABSOLUTE
    ..\Drivers\STM32F4xx_HAL_Driver\Src\stm32f4xx_hal_cortex.c 0x00000000   Number         0  stm32f4xx_hal_cortex.o ABSOLUTE
    ..\Drivers\STM32F4xx_HAL_Driver\Src\stm32f4xx_hal_dma.c 0x00000000   Number         0  stm32f4xx_hal_dma.o ABSOLUTE
    ..\Drivers\STM32F4xx_HAL_Driver\Src\stm32f4xx_hal_dma_ex.c 0x00000000   Number         0  stm32f4xx_hal_dma_ex.o ABSOLUTE
    ..\Drivers\STM32F4xx_HAL_Driver\Src\stm32f4xx_hal_exti.c 0x00000000   Number         0  stm32f4xx_hal_exti.o ABSOLUTE
    ..\Drivers\STM32F4xx_HAL_Driver\Src\stm32f4xx_hal_flash.c 0x00000000   Number         0  stm32f4xx_hal_flash.o ABSOLUTE
    ..\Drivers\STM32F4xx_HAL_Driver\Src\stm32f4xx_hal_flash_ex.c 0x00000000   Number         0  stm32f4xx_hal_flash_ex.o ABSOLUTE
    ..\Drivers\STM32F4xx_HAL_Driver\Src\stm32f4xx_hal_flash_ramfunc.c 0x00000000   Number         0  stm32f4xx_hal_flash_ramfunc.o ABSOLUTE
    ..\Drivers\STM32F4xx_HAL_Driver\Src\stm32f4xx_hal_gpio.c 0x00000000   Number         0  stm32f4xx_hal_gpio.o ABSOLUTE
    ..\Drivers\STM32F4xx_HAL_Driver\Src\stm32f4xx_hal_pwr.c 0x00000000   Number         0  stm32f4xx_hal_pwr.o ABSOLUTE
    ..\Drivers\STM32F4xx_HAL_Driver\Src\stm32f4xx_hal_pwr_ex.c 0x00000000   Number         0  stm32f4xx_hal_pwr_ex.o ABSOLUTE
    ..\Drivers\STM32F4xx_HAL_Driver\Src\stm32f4xx_hal_rcc.c 0x00000000   Number         0  stm32f4xx_hal_rcc.o ABSOLUTE
    ..\Drivers\STM32F4xx_HAL_Driver\Src\stm32f4xx_hal_rcc_ex.c 0x00000000   Number         0  stm32f4xx_hal_rcc_ex.o ABSOLUTE
    ..\Drivers\STM32F4xx_HAL_Driver\Src\stm32f4xx_hal_tim.c 0x00000000   Number         0  stm32f4xx_hal_tim.o ABSOLUTE
    ..\Drivers\STM32F4xx_HAL_Driver\Src\stm32f4xx_hal_tim_ex.c 0x00000000   Number         0  stm32f4xx_hal_tim_ex.o ABSOLUTE
    ..\Drivers\STM32F4xx_HAL_Driver\Src\stm32f4xx_hal_uart.c 0x00000000   Number         0  stm32f4xx_hal_uart.o ABSOLUTE
    ..\\Core\\Src\\USART_HMI.c               0x00000000   Number         0  usart_hmi.o ABSOLUTE
    cdrcmple.s                               0x00000000   Number         0  cdrcmple.o ABSOLUTE
    dc.s                                     0x00000000   Number         0  dc.o ABSOLUTE
    handlers.s                               0x00000000   Number         0  handlers.o ABSOLUTE
    init.s                                   0x00000000   Number         0  init.o ABSOLUTE
    startup_stm32f407xx.s                    0x00000000   Number         0  startup_stm32f407xx.o ABSOLUTE
    RESET                                    0x08000000   Section      392  startup_stm32f407xx.o(RESET)
    .ARM.Collect$$$$00000000                 0x08000188   Section        0  entry.o(.ARM.Collect$$$$00000000)
    .ARM.Collect$$$$00000001                 0x08000188   Section        4  entry2.o(.ARM.Collect$$$$00000001)
    .ARM.Collect$$$$00000004                 0x0800018c   Section        4  entry5.o(.ARM.Collect$$$$00000004)
    .ARM.Collect$$$$00000008                 0x08000190   Section        0  entry7b.o(.ARM.Collect$$$$00000008)
    .ARM.Collect$$$$0000000A                 0x08000190   Section        0  entry8b.o(.ARM.Collect$$$$0000000A)
    .ARM.Collect$$$$0000000B                 0x08000190   Section        8  entry9a.o(.ARM.Collect$$$$0000000B)
    .ARM.Collect$$$$0000000E                 0x08000198   Section        4  entry12b.o(.ARM.Collect$$$$0000000E)
    .ARM.Collect$$$$0000000F                 0x0800019c   Section        0  entry10a.o(.ARM.Collect$$$$0000000F)
    .ARM.Collect$$$$00000011                 0x0800019c   Section        0  entry11a.o(.ARM.Collect$$$$00000011)
    .ARM.Collect$$$$00002712                 0x0800019c   Section        4  entry2.o(.ARM.Collect$$$$00002712)
    __lit__00000000                          0x0800019c   Data           4  entry2.o(.ARM.Collect$$$$00002712)
    .text                                    0x080001a0   Section       36  startup_stm32f407xx.o(.text)
    $v0                                      0x080001a0   Number         0  startup_stm32f407xx.o(.text)
    .text                                    0x080001c4   Section        0  uldiv.o(.text)
    .text                                    0x08000226   Section        0  memseta.o(.text)
    .text                                    0x0800024a   Section        0  strlen.o(.text)
    .text                                    0x08000258   Section        0  uidiv.o(.text)
    .text                                    0x08000284   Section        0  llshl.o(.text)
    .text                                    0x080002a2   Section        0  llushr.o(.text)
    .text                                    0x080002c2   Section        0  iusefp.o(.text)
    .text                                    0x080002c4   Section       36  init.o(.text)
    i.ADC_DMAConvCplt                        0x080002e8   Section        0  stm32f4xx_hal_adc.o(i.ADC_DMAConvCplt)
    ADC_DMAConvCplt                          0x080002e9   Thumb Code   110  stm32f4xx_hal_adc.o(i.ADC_DMAConvCplt)
    i.ADC_DMAError                           0x08000356   Section        0  stm32f4xx_hal_adc.o(i.ADC_DMAError)
    ADC_DMAError                             0x08000357   Thumb Code    22  stm32f4xx_hal_adc.o(i.ADC_DMAError)
    i.ADC_DMAHalfConvCplt                    0x0800036c   Section        0  stm32f4xx_hal_adc.o(i.ADC_DMAHalfConvCplt)
    ADC_DMAHalfConvCplt                      0x0800036d   Thumb Code    10  stm32f4xx_hal_adc.o(i.ADC_DMAHalfConvCplt)
    i.ADC_Get_Values                         0x08000378   Section        0  adc.o(i.ADC_Get_Values)
    i.ADC_Get_Vpp                            0x0800039c   Section        0  adc.o(i.ADC_Get_Vpp)
    i.ADC_Get_Vpp_Median                     0x080003e4   Section        0  adc.o(i.ADC_Get_Vpp_Median)
    i.ADC_Init                               0x08000468   Section        0  stm32f4xx_hal_adc.o(i.ADC_Init)
    ADC_Init                                 0x08000469   Thumb Code   308  stm32f4xx_hal_adc.o(i.ADC_Init)
    i.BusFault_Handler                       0x080005e0   Section        0  stm32f4xx_it.o(i.BusFault_Handler)
    i.Configuration_Init                     0x080005e4   Section        0  main.o(i.Configuration_Init)
    i.DMA2_Stream0_IRQHandler                0x08000640   Section        0  stm32f4xx_it.o(i.DMA2_Stream0_IRQHandler)
    i.DMA_CalcBaseAndBitshift                0x0800064c   Section        0  stm32f4xx_hal_dma.o(i.DMA_CalcBaseAndBitshift)
    DMA_CalcBaseAndBitshift                  0x0800064d   Thumb Code    34  stm32f4xx_hal_dma.o(i.DMA_CalcBaseAndBitshift)
    i.DMA_CheckFifoParam                     0x08000674   Section        0  stm32f4xx_hal_dma.o(i.DMA_CheckFifoParam)
    DMA_CheckFifoParam                       0x08000675   Thumb Code    84  stm32f4xx_hal_dma.o(i.DMA_CheckFifoParam)
    i.DMA_SetConfig                          0x080006c8   Section        0  stm32f4xx_hal_dma.o(i.DMA_SetConfig)
    DMA_SetConfig                            0x080006c9   Thumb Code    40  stm32f4xx_hal_dma.o(i.DMA_SetConfig)
    i.DebugMon_Handler                       0x080006f0   Section        0  stm32f4xx_it.o(i.DebugMon_Handler)
    i.EXTI0_IRQHandler                       0x080006f2   Section        0  stm32f4xx_it.o(i.EXTI0_IRQHandler)
    i.EXTI1_IRQHandler                       0x080006f8   Section        0  stm32f4xx_it.o(i.EXTI1_IRQHandler)
    i.EXTI2_IRQHandler                       0x080006fe   Section        0  stm32f4xx_it.o(i.EXTI2_IRQHandler)
    i.EXTI3_IRQHandler                       0x08000704   Section        0  stm32f4xx_it.o(i.EXTI3_IRQHandler)
    i.Error_Handler                          0x0800070c   Section        0  main.o(i.Error_Handler)
    i.Gradient_descent                       0x08000728   Section        0  main.o(i.Gradient_descent)
    Gradient_descent                         0x08000729   Thumb Code   332  main.o(i.Gradient_descent)
    i.Gradient_descent_wrapper               0x0800088c   Section        0  main.o(i.Gradient_descent_wrapper)
    Gradient_descent_wrapper                 0x0800088d   Thumb Code   174  main.o(i.Gradient_descent_wrapper)
    i.HAL_ADC_ConfigChannel                  0x08000944   Section        0  stm32f4xx_hal_adc.o(i.HAL_ADC_ConfigChannel)
    i.HAL_ADC_ConvCpltCallback               0x08000b18   Section        0  adc.o(i.HAL_ADC_ConvCpltCallback)
    i.HAL_ADC_ConvHalfCpltCallback           0x08000b34   Section        0  stm32f4xx_hal_adc.o(i.HAL_ADC_ConvHalfCpltCallback)
    i.HAL_ADC_ErrorCallback                  0x08000b36   Section        0  stm32f4xx_hal_adc.o(i.HAL_ADC_ErrorCallback)
    i.HAL_ADC_Init                           0x08000b38   Section        0  stm32f4xx_hal_adc.o(i.HAL_ADC_Init)
    i.HAL_ADC_MspInit                        0x08000d58   Section        0  adc.o(i.HAL_ADC_MspInit)
    i.HAL_ADC_Start_DMA                      0x08000df0   Section        0  stm32f4xx_hal_adc.o(i.HAL_ADC_Start_DMA)
    i.HAL_DMA_Abort                          0x08000fb0   Section        0  stm32f4xx_hal_dma.o(i.HAL_DMA_Abort)
    i.HAL_DMA_Abort_IT                       0x08001042   Section        0  stm32f4xx_hal_dma.o(i.HAL_DMA_Abort_IT)
    i.HAL_DMA_IRQHandler                     0x08001068   Section        0  stm32f4xx_hal_dma.o(i.HAL_DMA_IRQHandler)
    i.HAL_DMA_Init                           0x08001208   Section        0  stm32f4xx_hal_dma.o(i.HAL_DMA_Init)
    i.HAL_DMA_Start_IT                       0x080014e8   Section        0  stm32f4xx_hal_dma.o(i.HAL_DMA_Start_IT)
    i.HAL_Delay                              0x080015b0   Section        0  stm32f4xx_hal.o(i.HAL_Delay)
    i.HAL_GPIO_EXTI_Callback                 0x080015d4   Section        0  gpio.o(i.HAL_GPIO_EXTI_Callback)
    i.HAL_GPIO_EXTI_IRQHandler               0x08001630   Section        0  stm32f4xx_hal_gpio.o(i.HAL_GPIO_EXTI_IRQHandler)
    i.HAL_GPIO_Init                          0x08001648   Section        0  stm32f4xx_hal_gpio.o(i.HAL_GPIO_Init)
    i.HAL_GPIO_WritePin                      0x08001944   Section        0  stm32f4xx_hal_gpio.o(i.HAL_GPIO_WritePin)
    i.HAL_GetTick                            0x080019b0   Section        0  stm32f4xx_hal.o(i.HAL_GetTick)
    i.HAL_IncTick                            0x080019bc   Section        0  stm32f4xx_hal.o(i.HAL_IncTick)
    i.HAL_Init                               0x080019cc   Section        0  stm32f4xx_hal.o(i.HAL_Init)
    i.HAL_InitTick                           0x08001a00   Section        0  stm32f4xx_hal.o(i.HAL_InitTick)
    i.HAL_MspInit                            0x08001a40   Section        0  stm32f4xx_hal_msp.o(i.HAL_MspInit)
    i.HAL_NVIC_EnableIRQ                     0x08001a70   Section        0  stm32f4xx_hal_cortex.o(i.HAL_NVIC_EnableIRQ)
    i.HAL_NVIC_SetPriority                   0x08001ad4   Section        0  stm32f4xx_hal_cortex.o(i.HAL_NVIC_SetPriority)
    i.HAL_NVIC_SetPriorityGrouping           0x08001b74   Section        0  stm32f4xx_hal_cortex.o(i.HAL_NVIC_SetPriorityGrouping)
    i.HAL_RCC_ClockConfig                    0x08001bf4   Section        0  stm32f4xx_hal_rcc.o(i.HAL_RCC_ClockConfig)
    i.HAL_RCC_GetPCLK1Freq                   0x08001e40   Section        0  stm32f4xx_hal_rcc.o(i.HAL_RCC_GetPCLK1Freq)
    i.HAL_RCC_GetPCLK2Freq                   0x08001e60   Section        0  stm32f4xx_hal_rcc.o(i.HAL_RCC_GetPCLK2Freq)
    i.HAL_RCC_GetSysClockFreq                0x08001e80   Section        0  stm32f4xx_hal_rcc.o(i.HAL_RCC_GetSysClockFreq)
    i.HAL_RCC_OscConfig                      0x08001ee0   Section        0  stm32f4xx_hal_rcc.o(i.HAL_RCC_OscConfig)
    i.HAL_SYSTICK_Config                     0x08002388   Section        0  stm32f4xx_hal_cortex.o(i.HAL_SYSTICK_Config)
    i.HAL_TIMEx_BreakCallback                0x080023b0   Section        0  stm32f4xx_hal_tim_ex.o(i.HAL_TIMEx_BreakCallback)
    i.HAL_TIMEx_CommutCallback               0x080023b2   Section        0  stm32f4xx_hal_tim_ex.o(i.HAL_TIMEx_CommutCallback)
    i.HAL_TIMEx_MasterConfigSynchronization  0x080023b4   Section        0  stm32f4xx_hal_tim_ex.o(i.HAL_TIMEx_MasterConfigSynchronization)
    i.HAL_TIM_Base_Init                      0x08002504   Section        0  stm32f4xx_hal_tim.o(i.HAL_TIM_Base_Init)
    i.HAL_TIM_Base_MspInit                   0x08002674   Section        0  tim.o(i.HAL_TIM_Base_MspInit)
    i.HAL_TIM_Base_Start                     0x080026c4   Section        0  stm32f4xx_hal_tim.o(i.HAL_TIM_Base_Start)
    i.HAL_TIM_Base_Stop_IT                   0x080027ec   Section        0  stm32f4xx_hal_tim.o(i.HAL_TIM_Base_Stop_IT)
    i.HAL_TIM_ConfigClockSource              0x080028ec   Section        0  stm32f4xx_hal_tim.o(i.HAL_TIM_ConfigClockSource)
    i.HAL_TIM_IC_CaptureCallback             0x08002cfc   Section        0  stm32f4xx_hal_tim.o(i.HAL_TIM_IC_CaptureCallback)
    i.HAL_TIM_IRQHandler                     0x08002cfe   Section        0  stm32f4xx_hal_tim.o(i.HAL_TIM_IRQHandler)
    i.HAL_TIM_OC_DelayElapsedCallback        0x08002e64   Section        0  stm32f4xx_hal_tim.o(i.HAL_TIM_OC_DelayElapsedCallback)
    i.HAL_TIM_PWM_ConfigChannel              0x08002e68   Section        0  stm32f4xx_hal_tim.o(i.HAL_TIM_PWM_ConfigChannel)
    i.HAL_TIM_PWM_Init                       0x080030d0   Section        0  stm32f4xx_hal_tim.o(i.HAL_TIM_PWM_Init)
    i.HAL_TIM_PWM_MspInit                    0x08003240   Section        0  stm32f4xx_hal_tim.o(i.HAL_TIM_PWM_MspInit)
    i.HAL_TIM_PWM_PulseFinishedCallback      0x08003242   Section        0  stm32f4xx_hal_tim.o(i.HAL_TIM_PWM_PulseFinishedCallback)
    i.HAL_TIM_PWM_Start                      0x08003244   Section        0  stm32f4xx_hal_tim.o(i.HAL_TIM_PWM_Start)
    i.HAL_TIM_PWM_Stop                       0x08003420   Section        0  stm32f4xx_hal_tim.o(i.HAL_TIM_PWM_Stop)
    i.HAL_TIM_PeriodElapsedCallback          0x080035c4   Section        0  tim.o(i.HAL_TIM_PeriodElapsedCallback)
    i.HAL_TIM_TriggerCallback                0x080035dc   Section        0  stm32f4xx_hal_tim.o(i.HAL_TIM_TriggerCallback)
    i.HAL_UARTEx_RxEventCallback             0x080035de   Section        0  stm32f4xx_hal_uart.o(i.HAL_UARTEx_RxEventCallback)
    i.HAL_UART_ErrorCallback                 0x080035e0   Section        0  stm32f4xx_hal_uart.o(i.HAL_UART_ErrorCallback)
    i.HAL_UART_GetState                      0x080035e2   Section        0  stm32f4xx_hal_uart.o(i.HAL_UART_GetState)
    i.HAL_UART_IRQHandler                    0x080035ec   Section        0  stm32f4xx_hal_uart.o(i.HAL_UART_IRQHandler)
    i.HAL_UART_Init                          0x08003854   Section        0  stm32f4xx_hal_uart.o(i.HAL_UART_Init)
    i.HAL_UART_MspInit                       0x080039a0   Section        0  usart.o(i.HAL_UART_MspInit)
    i.HAL_UART_Receive_IT                    0x08003a1c   Section        0  stm32f4xx_hal_uart.o(i.HAL_UART_Receive_IT)
    i.HAL_UART_RxCpltCallback                0x08003a48   Section        0  usart.o(i.HAL_UART_RxCpltCallback)
    i.HAL_UART_Transmit                      0x08003ad0   Section        0  stm32f4xx_hal_uart.o(i.HAL_UART_Transmit)
    i.HAL_UART_TxCpltCallback                0x08003b82   Section        0  stm32f4xx_hal_uart.o(i.HAL_UART_TxCpltCallback)
    i.HardFault_Handler                      0x08003b84   Section        0  stm32f4xx_it.o(i.HardFault_Handler)
    i.MX_ADC1_Init                           0x08003b88   Section        0  adc.o(i.MX_ADC1_Init)
    i.MX_DMA_Init                            0x08003bec   Section        0  dma.o(i.MX_DMA_Init)
    i.MX_GPIO_Init                           0x08003c18   Section        0  gpio.o(i.MX_GPIO_Init)
    i.MX_TIM2_Init                           0x08003cdc   Section        0  tim.o(i.MX_TIM2_Init)
    i.MX_TIM5_Init                           0x08003d70   Section        0  tim.o(i.MX_TIM5_Init)
    i.MX_USART1_UART_Init                    0x08003dd8   Section        0  usart.o(i.MX_USART1_UART_Init)
    i.MemManage_Handler                      0x08003e1c   Section        0  stm32f4xx_it.o(i.MemManage_Handler)
    i.NMI_Handler                            0x08003e1e   Section        0  stm32f4xx_it.o(i.NMI_Handler)
    i.PendSV_Handler                         0x08003e20   Section        0  stm32f4xx_it.o(i.PendSV_Handler)
    i.Quadrant_Lattice_Indexing              0x08003e24   Section        0  main.o(i.Quadrant_Lattice_Indexing)
    Quadrant_Lattice_Indexing                0x08003e25   Thumb Code   334  main.o(i.Quadrant_Lattice_Indexing)
    i.SVC_Handler                            0x08003fb0   Section        0  stm32f4xx_it.o(i.SVC_Handler)
    i.SysTick_Handler                        0x08003fb2   Section        0  stm32f4xx_it.o(i.SysTick_Handler)
    i.SystemClock_Config                     0x08003fb8   Section        0  main.o(i.SystemClock_Config)
    i.SystemInit                             0x08004044   Section        0  system_stm32f4xx.o(i.SystemInit)
    i.TIM5_IRQHandler                        0x08004054   Section        0  stm32f4xx_it.o(i.TIM5_IRQHandler)
    i.TIM_Base_SetConfig                     0x08004060   Section        0  stm32f4xx_hal_tim.o(i.TIM_Base_SetConfig)
    i.TIM_CCxChannelCmd                      0x08004128   Section        0  stm32f4xx_hal_tim.o(i.TIM_CCxChannelCmd)
    i.TIM_ETR_SetConfig                      0x0800421c   Section        0  stm32f4xx_hal_tim.o(i.TIM_ETR_SetConfig)
    i.TIM_ITRx_SetConfig                     0x08004230   Section        0  stm32f4xx_hal_tim.o(i.TIM_ITRx_SetConfig)
    TIM_ITRx_SetConfig                       0x08004231   Thumb Code    16  stm32f4xx_hal_tim.o(i.TIM_ITRx_SetConfig)
    i.TIM_OC1_SetConfig                      0x08004240   Section        0  stm32f4xx_hal_tim.o(i.TIM_OC1_SetConfig)
    TIM_OC1_SetConfig                        0x08004241   Thumb Code   162  stm32f4xx_hal_tim.o(i.TIM_OC1_SetConfig)
    i.TIM_OC2_SetConfig                      0x08004324   Section        0  stm32f4xx_hal_tim.o(i.TIM_OC2_SetConfig)
    i.TIM_OC3_SetConfig                      0x08004410   Section        0  stm32f4xx_hal_tim.o(i.TIM_OC3_SetConfig)
    TIM_OC3_SetConfig                        0x08004411   Thumb Code   170  stm32f4xx_hal_tim.o(i.TIM_OC3_SetConfig)
    i.TIM_OC4_SetConfig                      0x080044fc   Section        0  stm32f4xx_hal_tim.o(i.TIM_OC4_SetConfig)
    TIM_OC4_SetConfig                        0x080044fd   Thumb Code   100  stm32f4xx_hal_tim.o(i.TIM_OC4_SetConfig)
    i.TIM_TI1_ConfigInputStage               0x080045a0   Section        0  stm32f4xx_hal_tim.o(i.TIM_TI1_ConfigInputStage)
    TIM_TI1_ConfigInputStage                 0x080045a1   Thumb Code    34  stm32f4xx_hal_tim.o(i.TIM_TI1_ConfigInputStage)
    i.TIM_TI2_ConfigInputStage               0x080045c2   Section        0  stm32f4xx_hal_tim.o(i.TIM_TI2_ConfigInputStage)
    TIM_TI2_ConfigInputStage                 0x080045c3   Thumb Code    36  stm32f4xx_hal_tim.o(i.TIM_TI2_ConfigInputStage)
    i.Timer_2_Adjust                         0x080045e8   Section        0  tim.o(i.Timer_2_Adjust)
    i.UARTHMI_Append_Ending                  0x0800460c   Section        0  usart_hmi.o(i.UARTHMI_Append_Ending)
    UARTHMI_Append_Ending                    0x0800460d   Thumb Code    34  usart_hmi.o(i.UARTHMI_Append_Ending)
    i.UARTHMI_Cross_Page_Set_Number          0x08004634   Section        0  usart_hmi.o(i.UARTHMI_Cross_Page_Set_Number)
    i.UARTHMI_Forget_It                      0x0800467c   Section        0  usart_hmi.o(i.UARTHMI_Forget_It)
    i.UARTHMI_Get_Integer_Digits             0x0800468c   Section        0  usart_hmi.o(i.UARTHMI_Get_Integer_Digits)
    UARTHMI_Get_Integer_Digits               0x0800468d   Thumb Code    58  usart_hmi.o(i.UARTHMI_Get_Integer_Digits)
    i.UARTHMI_Reset                          0x080046c8   Section        0  usart_hmi.o(i.UARTHMI_Reset)
    i.UARTHMI_Send_Number                    0x080046d8   Section        0  usart_hmi.o(i.UARTHMI_Send_Number)
    i.UARTHMI_Set_Number                     0x080046dc   Section        0  usart_hmi.o(i.UARTHMI_Set_Number)
    i.UART_DMAAbortOnError                   0x08004734   Section        0  stm32f4xx_hal_uart.o(i.UART_DMAAbortOnError)
    UART_DMAAbortOnError                     0x08004735   Thumb Code    16  stm32f4xx_hal_uart.o(i.UART_DMAAbortOnError)
    i.UART_EndRxTransfer                     0x08004744   Section        0  stm32f4xx_hal_uart.o(i.UART_EndRxTransfer)
    UART_EndRxTransfer                       0x08004745   Thumb Code    78  stm32f4xx_hal_uart.o(i.UART_EndRxTransfer)
    i.UART_RX_Data_Parse                     0x08004794   Section        0  usart.o(i.UART_RX_Data_Parse)
    i.UART_Receive_IT                        0x080047d4   Section        0  stm32f4xx_hal_uart.o(i.UART_Receive_IT)
    UART_Receive_IT                          0x080047d5   Thumb Code   192  stm32f4xx_hal_uart.o(i.UART_Receive_IT)
    i.UART_SetConfig                         0x08004894   Section        0  stm32f4xx_hal_uart.o(i.UART_SetConfig)
    UART_SetConfig                           0x08004895   Thumb Code   344  stm32f4xx_hal_uart.o(i.UART_SetConfig)
    i.UART_Start_Receive_IT                  0x08004a34   Section        0  stm32f4xx_hal_uart.o(i.UART_Start_Receive_IT)
    i.UART_WaitOnFlagUntilTimeout            0x08004a6e   Section        0  stm32f4xx_hal_uart.o(i.UART_WaitOnFlagUntilTimeout)
    UART_WaitOnFlagUntilTimeout              0x08004a6f   Thumb Code   120  stm32f4xx_hal_uart.o(i.UART_WaitOnFlagUntilTimeout)
    i.USART1_IRQHandler                      0x08004ae8   Section        0  stm32f4xx_it.o(i.USART1_IRQHandler)
    i.USART_Send_Data_Direct                 0x08004af4   Section        0  usart.o(i.USART_Send_Data_Direct)
    i.UsageFault_Handler                     0x08004b14   Section        0  stm32f4xx_it.o(i.UsageFault_Handler)
    i.__0printf$3                            0x08004b18   Section        0  printf3.o(i.__0printf$3)
    i.__0sprintf$3                           0x08004b38   Section        0  printf3.o(i.__0sprintf$3)
    i.__ARM_fpclassifyf                      0x08004b60   Section        0  fpclassifyf.o(i.__ARM_fpclassifyf)
    i.__NVIC_DisableIRQ                      0x08004b86   Section        0  main.o(i.__NVIC_DisableIRQ)
    __NVIC_DisableIRQ                        0x08004b87   Thumb Code    34  main.o(i.__NVIC_DisableIRQ)
    i.__NVIC_DisableIRQ                      0x08004ba8   Section        0  gpio.o(i.__NVIC_DisableIRQ)
    __NVIC_DisableIRQ                        0x08004ba9   Thumb Code    34  gpio.o(i.__NVIC_DisableIRQ)
    i.__NVIC_EnableIRQ                       0x08004bca   Section        0  main.o(i.__NVIC_EnableIRQ)
    __NVIC_EnableIRQ                         0x08004bcb   Thumb Code    26  main.o(i.__NVIC_EnableIRQ)
    i.__NVIC_GetEnableIRQ                    0x08004be4   Section        0  main.o(i.__NVIC_GetEnableIRQ)
    __NVIC_GetEnableIRQ                      0x08004be5   Thumb Code    36  main.o(i.__NVIC_GetEnableIRQ)
    i.__NVIC_SetPriority                     0x08004c08   Section        0  stm32f4xx_hal_cortex.o(i.__NVIC_SetPriority)
    __NVIC_SetPriority                       0x08004c09   Thumb Code    32  stm32f4xx_hal_cortex.o(i.__NVIC_SetPriority)
    i.__hardfp_expf                          0x08004c28   Section        0  expf.o(i.__hardfp_expf)
    i.__hardfp_logf                          0x08004e10   Section        0  logf.o(i.__hardfp_logf)
    i.__hardfp_sqrtf                         0x08004f7c   Section        0  sqrtf.o(i.__hardfp_sqrtf)
    i.__mathlib_flt_divzero                  0x08004fb8   Section        0  funder.o(i.__mathlib_flt_divzero)
    i.__mathlib_flt_infnan                   0x08004fcc   Section        0  funder.o(i.__mathlib_flt_infnan)
    i.__mathlib_flt_invalid                  0x08004fd4   Section        0  funder.o(i.__mathlib_flt_invalid)
    i.__mathlib_flt_overflow                 0x08004fe4   Section        0  funder.o(i.__mathlib_flt_overflow)
    i.__mathlib_flt_underflow                0x08004ff4   Section        0  funder.o(i.__mathlib_flt_underflow)
    i.__scatterload_copy                     0x08005004   Section       14  handlers.o(i.__scatterload_copy)
    i.__scatterload_null                     0x08005012   Section        2  handlers.o(i.__scatterload_null)
    i.__scatterload_zeroinit                 0x08005014   Section       14  handlers.o(i.__scatterload_zeroinit)
    i.__set_errno                            0x08005024   Section        0  errno.o(i.__set_errno)
    i._printf_core                           0x08005030   Section        0  printf3.o(i._printf_core)
    _printf_core                             0x08005031   Thumb Code   436  printf3.o(i._printf_core)
    i._sputc                                 0x080051e8   Section        0  printf3.o(i._sputc)
    _sputc                                   0x080051e9   Thumb Code    10  printf3.o(i._sputc)
    i.assert_failed                          0x080051f4   Section        0  main.o(i.assert_failed)
    i.dist                                   0x08005230   Section        0  main.o(i.dist)
    dist                                     0x08005231   Thumb Code    20  main.o(i.dist)
    i.fputc                                  0x08005244   Section        0  usart.o(i.fputc)
    i.free                                   0x08005258   Section        0  malloc.o(i.free)
    i.main                                   0x080052a8   Section        0  main.o(i.main)
    i.malloc                                 0x080054a0   Section        0  malloc.o(i.malloc)
    i.merge_sort                             0x0800550c   Section        0  adc.o(i.merge_sort)
    merge_sort                               0x0800550d   Thumb Code   246  adc.o(i.merge_sort)
    i.norm                                   0x08005602   Section        0  main.o(i.norm)
    norm                                     0x08005603   Thumb Code    12  main.o(i.norm)
    .constdata                               0x0800560e   Section        8  stm32f4xx_hal_dma.o(.constdata)
    flagBitshiftOffset                       0x0800560e   Data           8  stm32f4xx_hal_dma.o(.constdata)
    .constdata                               0x08005616   Section       16  system_stm32f4xx.o(.constdata)
    .constdata                               0x08005626   Section        8  system_stm32f4xx.o(.constdata)
    .constdata                               0x08005630   Section       48  expf.o(.constdata)
    twotokover4top                           0x08005630   Data          16  expf.o(.constdata)
    twotokover4bot                           0x08005640   Data          16  expf.o(.constdata)
    twotokover4all                           0x08005650   Data          16  expf.o(.constdata)
    .constdata                               0x08005660   Section       64  logf.o(.constdata)
    logahi                                   0x08005660   Data          32  logf.o(.constdata)
    logalo                                   0x08005680   Data          32  logf.o(.constdata)
    .data                                    0x20000000   Section        1  main.o(.data)
    .data                                    0x20000004   Section       72  main.o(.data)
    total_steps                              0x20000008   Data           2  main.o(.data)
    steps                                    0x2000000a   Data           2  main.o(.data)
    P_skip_num                               0x2000000c   Data           2  main.o(.data)
    pix                                      0x20000024   Data           4  main.o(.data)
    piy                                      0x20000028   Data           4  main.o(.data)
    MICROPHONE                               0x2000002c   Data          32  main.o(.data)
    .data                                    0x2000004c   Section        4  gpio.o(.data)
    time_temp                                0x2000004c   Data           4  gpio.o(.data)
    .data                                    0x20000050   Section       12  usart.o(.data)
    uart1_rx_cnt                             0x20000056   Data           2  usart.o(.data)
    uart1_tx_cnt                             0x20000058   Data           2  usart.o(.data)
    uart1_rx_buf                             0x2000005a   Data           2  usart.o(.data)
    .data                                    0x2000005c   Section       12  stm32f4xx_hal.o(.data)
    .data                                    0x20000068   Section        4  system_stm32f4xx.o(.data)
    .data                                    0x2000006c   Section        4  stdout.o(.data)
    .data                                    0x20000070   Section        4  mvars.o(.data)
    .data                                    0x20000074   Section        4  mvars.o(.data)
    .data                                    0x20000078   Section        4  errno.o(.data)
    _errno                                   0x20000078   Data           4  errno.o(.data)
    .bss                                     0x2000007c   Section     2136  main.o(.bss)
    POINT_DIST                               0x2000007c   Data          16  main.o(.bss)
    CORRECT_POINT_DIST                       0x2000008c   Data          16  main.o(.bss)
    G_VECTOR                                 0x2000009c   Data          32  main.o(.bss)
    .bss                                     0x200008d4   Section      168  adc.o(.bss)
    .bss                                     0x2000097c   Section      144  tim.o(.bss)
    .bss                                     0x20000a0c   Section      324  usart.o(.bss)
    HEAP                                     0x20000b50   Section      512  startup_stm32f407xx.o(HEAP)
    STACK                                    0x20000d50   Section     4096  startup_stm32f407xx.o(STACK)

    Global Symbols

    Symbol Name                              Value     Ov Type        Size  Object(Section)

    BuildAttributes$$THM_ISAv4$E$P$D$K$B$S$7EM$VFPi3$EXTD16$VFPS$VFMA$PE$A:L22UL41UL21$X:L11$S22US41US21$IEEE1$IW$USESV6$~STKCKD$USESV7$~SHL$OTIME$ROPI$IEEEX$EBA8$MICROLIB$REQ8$PRES8$EABIv2 0x00000000   Number         0  anon$$obj.o ABSOLUTE
    __ARM_use_no_argv                        0x00000000   Number         0  main.o ABSOLUTE
    _printf_a                                0x00000000   Number         0  stubs.o ABSOLUTE
    _printf_c                                0x00000000   Number         0  stubs.o ABSOLUTE
    _printf_charcount                        0x00000000   Number         0  stubs.o ABSOLUTE
    _printf_d                                0x00000000   Number         0  stubs.o ABSOLUTE
    _printf_e                                0x00000000   Number         0  stubs.o ABSOLUTE
    _printf_f                                0x00000000   Number         0  stubs.o ABSOLUTE
    _printf_flags                            0x00000000   Number         0  stubs.o ABSOLUTE
    _printf_fp_dec                           0x00000000   Number         0  stubs.o ABSOLUTE
    _printf_fp_hex                           0x00000000   Number         0  stubs.o ABSOLUTE
    _printf_g                                0x00000000   Number         0  stubs.o ABSOLUTE
    _printf_i                                0x00000000   Number         0  stubs.o ABSOLUTE
    _printf_int_dec                          0x00000000   Number         0  stubs.o ABSOLUTE
    _printf_l                                0x00000000   Number         0  stubs.o ABSOLUTE
    _printf_lc                               0x00000000   Number         0  stubs.o ABSOLUTE
    _printf_ll                               0x00000000   Number         0  stubs.o ABSOLUTE
    _printf_lld                              0x00000000   Number         0  stubs.o ABSOLUTE
    _printf_lli                              0x00000000   Number         0  stubs.o ABSOLUTE
    _printf_llo                              0x00000000   Number         0  stubs.o ABSOLUTE
    _printf_llu                              0x00000000   Number         0  stubs.o ABSOLUTE
    _printf_llx                              0x00000000   Number         0  stubs.o ABSOLUTE
    _printf_longlong_dec                     0x00000000   Number         0  stubs.o ABSOLUTE
    _printf_longlong_hex                     0x00000000   Number         0  stubs.o ABSOLUTE
    _printf_longlong_oct                     0x00000000   Number         0  stubs.o ABSOLUTE
    _printf_ls                               0x00000000   Number         0  stubs.o ABSOLUTE
    _printf_mbtowc                           0x00000000   Number         0  stubs.o ABSOLUTE
    _printf_n                                0x00000000   Number         0  stubs.o ABSOLUTE
    _printf_o                                0x00000000   Number         0  stubs.o ABSOLUTE
    _printf_p                                0x00000000   Number         0  stubs.o ABSOLUTE
    _printf_percent                          0x00000000   Number         0  stubs.o ABSOLUTE
    _printf_pre_padding                      0x00000000   Number         0  stubs.o ABSOLUTE
    _printf_return_value                     0x00000000   Number         0  stubs.o ABSOLUTE
    _printf_s                                0x00000000   Number         0  stubs.o ABSOLUTE
    _printf_sizespec                         0x00000000   Number         0  stubs.o ABSOLUTE
    _printf_str                              0x00000000   Number         0  stubs.o ABSOLUTE
    _printf_truncate_signed                  0x00000000   Number         0  stubs.o ABSOLUTE
    _printf_truncate_unsigned                0x00000000   Number         0  stubs.o ABSOLUTE
    _printf_u                                0x00000000   Number         0  stubs.o ABSOLUTE
    _printf_wc                               0x00000000   Number         0  stubs.o ABSOLUTE
    _printf_wctomb                           0x00000000   Number         0  stubs.o ABSOLUTE
    _printf_widthprec                        0x00000000   Number         0  stubs.o ABSOLUTE
    _printf_x                                0x00000000   Number         0  stubs.o ABSOLUTE
    __arm_fini_                               - Undefined Weak Reference
    __cpp_initialize__aeabi_                  - Undefined Weak Reference
    __cxa_finalize                            - Undefined Weak Reference
    __decompress                              - Undefined Weak Reference
    _clock_init                               - Undefined Weak Reference
    _microlib_exit                            - Undefined Weak Reference
    __Vectors_Size                           0x00000188   Number         0  startup_stm32f407xx.o ABSOLUTE
    __Vectors                                0x08000000   Data           4  startup_stm32f407xx.o(RESET)
    __Vectors_End                            0x08000188   Data           0  startup_stm32f407xx.o(RESET)
    __main                                   0x08000189   Thumb Code     0  entry.o(.ARM.Collect$$$$00000000)
    _main_stk                                0x08000189   Thumb Code     0  entry2.o(.ARM.Collect$$$$00000001)
    _main_scatterload                        0x0800018d   Thumb Code     0  entry5.o(.ARM.Collect$$$$00000004)
    __main_after_scatterload                 0x08000191   Thumb Code     0  entry5.o(.ARM.Collect$$$$00000004)
    _main_clock                              0x08000191   Thumb Code     0  entry7b.o(.ARM.Collect$$$$00000008)
    _main_cpp_init                           0x08000191   Thumb Code     0  entry8b.o(.ARM.Collect$$$$0000000A)
    _main_init                               0x08000191   Thumb Code     0  entry9a.o(.ARM.Collect$$$$0000000B)
    __rt_lib_shutdown_fini                   0x08000199   Thumb Code     0  entry12b.o(.ARM.Collect$$$$0000000E)
    __rt_final_cpp                           0x0800019d   Thumb Code     0  entry10a.o(.ARM.Collect$$$$0000000F)
    __rt_final_exit                          0x0800019d   Thumb Code     0  entry11a.o(.ARM.Collect$$$$00000011)
    Reset_Handler                            0x080001a1   Thumb Code     8  startup_stm32f407xx.o(.text)
    ADC_IRQHandler                           0x080001bb   Thumb Code     0  startup_stm32f407xx.o(.text)
    CAN1_RX0_IRQHandler                      0x080001bb   Thumb Code     0  startup_stm32f407xx.o(.text)
    CAN1_RX1_IRQHandler                      0x080001bb   Thumb Code     0  startup_stm32f407xx.o(.text)
    CAN1_SCE_IRQHandler                      0x080001bb   Thumb Code     0  startup_stm32f407xx.o(.text)
    CAN1_TX_IRQHandler                       0x080001bb   Thumb Code     0  startup_stm32f407xx.o(.text)
    CAN2_RX0_IRQHandler                      0x080001bb   Thumb Code     0  startup_stm32f407xx.o(.text)
    CAN2_RX1_IRQHandler                      0x080001bb   Thumb Code     0  startup_stm32f407xx.o(.text)
    CAN2_SCE_IRQHandler                      0x080001bb   Thumb Code     0  startup_stm32f407xx.o(.text)
    CAN2_TX_IRQHandler                       0x080001bb   Thumb Code     0  startup_stm32f407xx.o(.text)
    DCMI_IRQHandler                          0x080001bb   Thumb Code     0  startup_stm32f407xx.o(.text)
    DMA1_Stream0_IRQHandler                  0x080001bb   Thumb Code     0  startup_stm32f407xx.o(.text)
    DMA1_Stream1_IRQHandler                  0x080001bb   Thumb Code     0  startup_stm32f407xx.o(.text)
    DMA1_Stream2_IRQHandler                  0x080001bb   Thumb Code     0  startup_stm32f407xx.o(.text)
    DMA1_Stream3_IRQHandler                  0x080001bb   Thumb Code     0  startup_stm32f407xx.o(.text)
    DMA1_Stream4_IRQHandler                  0x080001bb   Thumb Code     0  startup_stm32f407xx.o(.text)
    DMA1_Stream5_IRQHandler                  0x080001bb   Thumb Code     0  startup_stm32f407xx.o(.text)
    DMA1_Stream6_IRQHandler                  0x080001bb   Thumb Code     0  startup_stm32f407xx.o(.text)
    DMA1_Stream7_IRQHandler                  0x080001bb   Thumb Code     0  startup_stm32f407xx.o(.text)
    DMA2_Stream1_IRQHandler                  0x080001bb   Thumb Code     0  startup_stm32f407xx.o(.text)
    DMA2_Stream2_IRQHandler                  0x080001bb   Thumb Code     0  startup_stm32f407xx.o(.text)
    DMA2_Stream3_IRQHandler                  0x080001bb   Thumb Code     0  startup_stm32f407xx.o(.text)
    DMA2_Stream4_IRQHandler                  0x080001bb   Thumb Code     0  startup_stm32f407xx.o(.text)
    DMA2_Stream5_IRQHandler                  0x080001bb   Thumb Code     0  startup_stm32f407xx.o(.text)
    DMA2_Stream6_IRQHandler                  0x080001bb   Thumb Code     0  startup_stm32f407xx.o(.text)
    DMA2_Stream7_IRQHandler                  0x080001bb   Thumb Code     0  startup_stm32f407xx.o(.text)
    ETH_IRQHandler                           0x080001bb   Thumb Code     0  startup_stm32f407xx.o(.text)
    ETH_WKUP_IRQHandler                      0x080001bb   Thumb Code     0  startup_stm32f407xx.o(.text)
    EXTI15_10_IRQHandler                     0x080001bb   Thumb Code     0  startup_stm32f407xx.o(.text)
    EXTI4_IRQHandler                         0x080001bb   Thumb Code     0  startup_stm32f407xx.o(.text)
    EXTI9_5_IRQHandler                       0x080001bb   Thumb Code     0  startup_stm32f407xx.o(.text)
    FLASH_IRQHandler                         0x080001bb   Thumb Code     0  startup_stm32f407xx.o(.text)
    FMC_IRQHandler                           0x080001bb   Thumb Code     0  startup_stm32f407xx.o(.text)
    FPU_IRQHandler                           0x080001bb   Thumb Code     0  startup_stm32f407xx.o(.text)
    HASH_RNG_IRQHandler                      0x080001bb   Thumb Code     0  startup_stm32f407xx.o(.text)
    I2C1_ER_IRQHandler                       0x080001bb   Thumb Code     0  startup_stm32f407xx.o(.text)
    I2C1_EV_IRQHandler                       0x080001bb   Thumb Code     0  startup_stm32f407xx.o(.text)
    I2C2_ER_IRQHandler                       0x080001bb   Thumb Code     0  startup_stm32f407xx.o(.text)
    I2C2_EV_IRQHandler                       0x080001bb   Thumb Code     0  startup_stm32f407xx.o(.text)
    I2C3_ER_IRQHandler                       0x080001bb   Thumb Code     0  startup_stm32f407xx.o(.text)
    I2C3_EV_IRQHandler                       0x080001bb   Thumb Code     0  startup_stm32f407xx.o(.text)
    OTG_FS_IRQHandler                        0x080001bb   Thumb Code     0  startup_stm32f407xx.o(.text)
    OTG_FS_WKUP_IRQHandler                   0x080001bb   Thumb Code     0  startup_stm32f407xx.o(.text)
    OTG_HS_EP1_IN_IRQHandler                 0x080001bb   Thumb Code     0  startup_stm32f407xx.o(.text)
    OTG_HS_EP1_OUT_IRQHandler                0x080001bb   Thumb Code     0  startup_stm32f407xx.o(.text)
    OTG_HS_IRQHandler                        0x080001bb   Thumb Code     0  startup_stm32f407xx.o(.text)
    OTG_HS_WKUP_IRQHandler                   0x080001bb   Thumb Code     0  startup_stm32f407xx.o(.text)
    PVD_IRQHandler                           0x080001bb   Thumb Code     0  startup_stm32f407xx.o(.text)
    RCC_IRQHandler                           0x080001bb   Thumb Code     0  startup_stm32f407xx.o(.text)
    RTC_Alarm_IRQHandler                     0x080001bb   Thumb Code     0  startup_stm32f407xx.o(.text)
    RTC_WKUP_IRQHandler                      0x080001bb   Thumb Code     0  startup_stm32f407xx.o(.text)
    SDIO_IRQHandler                          0x080001bb   Thumb Code     0  startup_stm32f407xx.o(.text)
    SPI1_IRQHandler                          0x080001bb   Thumb Code     0  startup_stm32f407xx.o(.text)
    SPI2_IRQHandler                          0x080001bb   Thumb Code     0  startup_stm32f407xx.o(.text)
    SPI3_IRQHandler                          0x080001bb   Thumb Code     0  startup_stm32f407xx.o(.text)
    TAMP_STAMP_IRQHandler                    0x080001bb   Thumb Code     0  startup_stm32f407xx.o(.text)
    TIM1_BRK_TIM9_IRQHandler                 0x080001bb   Thumb Code     0  startup_stm32f407xx.o(.text)
    TIM1_CC_IRQHandler                       0x080001bb   Thumb Code     0  startup_stm32f407xx.o(.text)
    TIM1_TRG_COM_TIM11_IRQHandler            0x080001bb   Thumb Code     0  startup_stm32f407xx.o(.text)
    TIM1_UP_TIM10_IRQHandler                 0x080001bb   Thumb Code     0  startup_stm32f407xx.o(.text)
    TIM2_IRQHandler                          0x080001bb   Thumb Code     0  startup_stm32f407xx.o(.text)
    TIM3_IRQHandler                          0x080001bb   Thumb Code     0  startup_stm32f407xx.o(.text)
    TIM4_IRQHandler                          0x080001bb   Thumb Code     0  startup_stm32f407xx.o(.text)
    TIM6_DAC_IRQHandler                      0x080001bb   Thumb Code     0  startup_stm32f407xx.o(.text)
    TIM7_IRQHandler                          0x080001bb   Thumb Code     0  startup_stm32f407xx.o(.text)
    TIM8_BRK_TIM12_IRQHandler                0x080001bb   Thumb Code     0  startup_stm32f407xx.o(.text)
    TIM8_CC_IRQHandler                       0x080001bb   Thumb Code     0  startup_stm32f407xx.o(.text)
    TIM8_TRG_COM_TIM14_IRQHandler            0x080001bb   Thumb Code     0  startup_stm32f407xx.o(.text)
    TIM8_UP_TIM13_IRQHandler                 0x080001bb   Thumb Code     0  startup_stm32f407xx.o(.text)
    UART4_IRQHandler                         0x080001bb   Thumb Code     0  startup_stm32f407xx.o(.text)
    UART5_IRQHandler                         0x080001bb   Thumb Code     0  startup_stm32f407xx.o(.text)
    USART2_IRQHandler                        0x080001bb   Thumb Code     0  startup_stm32f407xx.o(.text)
    USART3_IRQHandler                        0x080001bb   Thumb Code     0  startup_stm32f407xx.o(.text)
    USART6_IRQHandler                        0x080001bb   Thumb Code     0  startup_stm32f407xx.o(.text)
    WWDG_IRQHandler                          0x080001bb   Thumb Code     0  startup_stm32f407xx.o(.text)
    __aeabi_uldivmod                         0x080001c5   Thumb Code    98  uldiv.o(.text)
    __aeabi_memset                           0x08000227   Thumb Code    14  memseta.o(.text)
    __aeabi_memset4                          0x08000227   Thumb Code     0  memseta.o(.text)
    __aeabi_memset8                          0x08000227   Thumb Code     0  memseta.o(.text)
    __aeabi_memclr                           0x08000235   Thumb Code     4  memseta.o(.text)
    __aeabi_memclr4                          0x08000235   Thumb Code     0  memseta.o(.text)
    __aeabi_memclr8                          0x08000235   Thumb Code     0  memseta.o(.text)
    _memset$wrapper                          0x08000239   Thumb Code    18  memseta.o(.text)
    strlen                                   0x0800024b   Thumb Code    14  strlen.o(.text)
    __aeabi_uidiv                            0x08000259   Thumb Code     0  uidiv.o(.text)
    __aeabi_uidivmod                         0x08000259   Thumb Code    44  uidiv.o(.text)
    __aeabi_llsl                             0x08000285   Thumb Code    30  llshl.o(.text)
    _ll_shift_l                              0x08000285   Thumb Code     0  llshl.o(.text)
    __aeabi_llsr                             0x080002a3   Thumb Code    32  llushr.o(.text)
    _ll_ushift_r                             0x080002a3   Thumb Code     0  llushr.o(.text)
    __I$use$fp                               0x080002c3   Thumb Code     0  iusefp.o(.text)
    __scatterload                            0x080002c5   Thumb Code    28  init.o(.text)
    __scatterload_rt2                        0x080002c5   Thumb Code     0  init.o(.text)
    ADC_Get_Values                           0x08000379   Thumb Code    28  adc.o(i.ADC_Get_Values)
    ADC_Get_Vpp                              0x0800039d   Thumb Code    64  adc.o(i.ADC_Get_Vpp)
    ADC_Get_Vpp_Median                       0x080003e5   Thumb Code   124  adc.o(i.ADC_Get_Vpp_Median)
    BusFault_Handler                         0x080005e1   Thumb Code     2  stm32f4xx_it.o(i.BusFault_Handler)
    Configuration_Init                       0x080005e5   Thumb Code    84  main.o(i.Configuration_Init)
    DMA2_Stream0_IRQHandler                  0x08000641   Thumb Code     6  stm32f4xx_it.o(i.DMA2_Stream0_IRQHandler)
    DebugMon_Handler                         0x080006f1   Thumb Code     2  stm32f4xx_it.o(i.DebugMon_Handler)
    EXTI0_IRQHandler                         0x080006f3   Thumb Code     6  stm32f4xx_it.o(i.EXTI0_IRQHandler)
    EXTI1_IRQHandler                         0x080006f9   Thumb Code     6  stm32f4xx_it.o(i.EXTI1_IRQHandler)
    EXTI2_IRQHandler                         0x080006ff   Thumb Code     6  stm32f4xx_it.o(i.EXTI2_IRQHandler)
    EXTI3_IRQHandler                         0x08000705   Thumb Code     6  stm32f4xx_it.o(i.EXTI3_IRQHandler)
    Error_Handler                            0x0800070d   Thumb Code    10  main.o(i.Error_Handler)
    HAL_ADC_ConfigChannel                    0x08000945   Thumb Code   396  stm32f4xx_hal_adc.o(i.HAL_ADC_ConfigChannel)
    HAL_ADC_ConvCpltCallback                 0x08000b19   Thumb Code    18  adc.o(i.HAL_ADC_ConvCpltCallback)
    HAL_ADC_ConvHalfCpltCallback             0x08000b35   Thumb Code     2  stm32f4xx_hal_adc.o(i.HAL_ADC_ConvHalfCpltCallback)
    HAL_ADC_ErrorCallback                    0x08000b37   Thumb Code     2  stm32f4xx_hal_adc.o(i.HAL_ADC_ErrorCallback)
    HAL_ADC_Init                             0x08000b39   Thumb Code   470  stm32f4xx_hal_adc.o(i.HAL_ADC_Init)
    HAL_ADC_MspInit                          0x08000d59   Thumb Code   132  adc.o(i.HAL_ADC_MspInit)
    HAL_ADC_Start_DMA                        0x08000df1   Thumb Code   354  stm32f4xx_hal_adc.o(i.HAL_ADC_Start_DMA)
    HAL_DMA_Abort                            0x08000fb1   Thumb Code   146  stm32f4xx_hal_dma.o(i.HAL_DMA_Abort)
    HAL_DMA_Abort_IT                         0x08001043   Thumb Code    36  stm32f4xx_hal_dma.o(i.HAL_DMA_Abort_IT)
    HAL_DMA_IRQHandler                       0x08001069   Thumb Code   412  stm32f4xx_hal_dma.o(i.HAL_DMA_IRQHandler)
    HAL_DMA_Init                             0x08001209   Thumb Code   666  stm32f4xx_hal_dma.o(i.HAL_DMA_Init)
    HAL_DMA_Start_IT                         0x080014e9   Thumb Code   142  stm32f4xx_hal_dma.o(i.HAL_DMA_Start_IT)
    HAL_Delay                                0x080015b1   Thumb Code    32  stm32f4xx_hal.o(i.HAL_Delay)
    HAL_GPIO_EXTI_Callback                   0x080015d5   Thumb Code    78  gpio.o(i.HAL_GPIO_EXTI_Callback)
    HAL_GPIO_EXTI_IRQHandler                 0x08001631   Thumb Code    18  stm32f4xx_hal_gpio.o(i.HAL_GPIO_EXTI_IRQHandler)
    HAL_GPIO_Init                            0x08001649   Thumb Code   654  stm32f4xx_hal_gpio.o(i.HAL_GPIO_Init)
    HAL_GPIO_WritePin                        0x08001945   Thumb Code    46  stm32f4xx_hal_gpio.o(i.HAL_GPIO_WritePin)
    HAL_GetTick                              0x080019b1   Thumb Code     6  stm32f4xx_hal.o(i.HAL_GetTick)
    HAL_IncTick                              0x080019bd   Thumb Code    12  stm32f4xx_hal.o(i.HAL_IncTick)
    HAL_Init                                 0x080019cd   Thumb Code    48  stm32f4xx_hal.o(i.HAL_Init)
    HAL_InitTick                             0x08001a01   Thumb Code    54  stm32f4xx_hal.o(i.HAL_InitTick)
    HAL_MspInit                              0x08001a41   Thumb Code    42  stm32f4xx_hal_msp.o(i.HAL_MspInit)
    HAL_NVIC_EnableIRQ                       0x08001a71   Thumb Code    40  stm32f4xx_hal_cortex.o(i.HAL_NVIC_EnableIRQ)
    HAL_NVIC_SetPriority                     0x08001ad5   Thumb Code    94  stm32f4xx_hal_cortex.o(i.HAL_NVIC_SetPriority)
    HAL_NVIC_SetPriorityGrouping             0x08001b75   Thumb Code    58  stm32f4xx_hal_cortex.o(i.HAL_NVIC_SetPriorityGrouping)
    HAL_RCC_ClockConfig                      0x08001bf5   Thumb Code   512  stm32f4xx_hal_rcc.o(i.HAL_RCC_ClockConfig)
    HAL_RCC_GetPCLK1Freq                     0x08001e41   Thumb Code    20  stm32f4xx_hal_rcc.o(i.HAL_RCC_GetPCLK1Freq)
    HAL_RCC_GetPCLK2Freq                     0x08001e61   Thumb Code    20  stm32f4xx_hal_rcc.o(i.HAL_RCC_GetPCLK2Freq)
    HAL_RCC_GetSysClockFreq                  0x08001e81   Thumb Code    88  stm32f4xx_hal_rcc.o(i.HAL_RCC_GetSysClockFreq)
    HAL_RCC_OscConfig                        0x08001ee1   Thumb Code  1192  stm32f4xx_hal_rcc.o(i.HAL_RCC_OscConfig)
    HAL_SYSTICK_Config                       0x08002389   Thumb Code    40  stm32f4xx_hal_cortex.o(i.HAL_SYSTICK_Config)
    HAL_TIMEx_BreakCallback                  0x080023b1   Thumb Code     2  stm32f4xx_hal_tim_ex.o(i.HAL_TIMEx_BreakCallback)
    HAL_TIMEx_CommutCallback                 0x080023b3   Thumb Code     2  stm32f4xx_hal_tim_ex.o(i.HAL_TIMEx_CommutCallback)
    HAL_TIMEx_MasterConfigSynchronization    0x080023b5   Thumb Code   242  stm32f4xx_hal_tim_ex.o(i.HAL_TIMEx_MasterConfigSynchronization)
    HAL_TIM_Base_Init                        0x08002505   Thumb Code   260  stm32f4xx_hal_tim.o(i.HAL_TIM_Base_Init)
    HAL_TIM_Base_MspInit                     0x08002675   Thumb Code    72  tim.o(i.HAL_TIM_Base_MspInit)
    HAL_TIM_Base_Start                       0x080026c5   Thumb Code   190  stm32f4xx_hal_tim.o(i.HAL_TIM_Base_Start)
    HAL_TIM_Base_Stop_IT                     0x080027ed   Thumb Code   148  stm32f4xx_hal_tim.o(i.HAL_TIM_Base_Stop_IT)
    HAL_TIM_ConfigClockSource                0x080028ed   Thumb Code   930  stm32f4xx_hal_tim.o(i.HAL_TIM_ConfigClockSource)
    HAL_TIM_IC_CaptureCallback               0x08002cfd   Thumb Code     2  stm32f4xx_hal_tim.o(i.HAL_TIM_IC_CaptureCallback)
    HAL_TIM_IRQHandler                       0x08002cff   Thumb Code   358  stm32f4xx_hal_tim.o(i.HAL_TIM_IRQHandler)
    HAL_TIM_OC_DelayElapsedCallback          0x08002e65   Thumb Code     2  stm32f4xx_hal_tim.o(i.HAL_TIM_OC_DelayElapsedCallback)
    HAL_TIM_PWM_ConfigChannel                0x08002e69   Thumb Code   516  stm32f4xx_hal_tim.o(i.HAL_TIM_PWM_ConfigChannel)
    HAL_TIM_PWM_Init                         0x080030d1   Thumb Code   260  stm32f4xx_hal_tim.o(i.HAL_TIM_PWM_Init)
    HAL_TIM_PWM_MspInit                      0x08003241   Thumb Code     2  stm32f4xx_hal_tim.o(i.HAL_TIM_PWM_MspInit)
    HAL_TIM_PWM_PulseFinishedCallback        0x08003243   Thumb Code     2  stm32f4xx_hal_tim.o(i.HAL_TIM_PWM_PulseFinishedCallback)
    HAL_TIM_PWM_Start                        0x08003245   Thumb Code   374  stm32f4xx_hal_tim.o(i.HAL_TIM_PWM_Start)
    HAL_TIM_PWM_Stop                         0x08003421   Thumb Code   318  stm32f4xx_hal_tim.o(i.HAL_TIM_PWM_Stop)
    HAL_TIM_PeriodElapsedCallback            0x080035c5   Thumb Code    16  tim.o(i.HAL_TIM_PeriodElapsedCallback)
    HAL_TIM_TriggerCallback                  0x080035dd   Thumb Code     2  stm32f4xx_hal_tim.o(i.HAL_TIM_TriggerCallback)
    HAL_UARTEx_RxEventCallback               0x080035df   Thumb Code     2  stm32f4xx_hal_uart.o(i.HAL_UARTEx_RxEventCallback)
    HAL_UART_ErrorCallback                   0x080035e1   Thumb Code     2  stm32f4xx_hal_uart.o(i.HAL_UART_ErrorCallback)
    HAL_UART_GetState                        0x080035e3   Thumb Code    10  stm32f4xx_hal_uart.o(i.HAL_UART_GetState)
    HAL_UART_IRQHandler                      0x080035ed   Thumb Code   610  stm32f4xx_hal_uart.o(i.HAL_UART_IRQHandler)
    HAL_UART_Init                            0x08003855   Thumb Code   246  stm32f4xx_hal_uart.o(i.HAL_UART_Init)
    HAL_UART_MspInit                         0x080039a1   Thumb Code   110  usart.o(i.HAL_UART_MspInit)
    HAL_UART_Receive_IT                      0x08003a1d   Thumb Code    42  stm32f4xx_hal_uart.o(i.HAL_UART_Receive_IT)
    HAL_UART_RxCpltCallback                  0x08003a49   Thumb Code   108  usart.o(i.HAL_UART_RxCpltCallback)
    HAL_UART_Transmit                        0x08003ad1   Thumb Code   178  stm32f4xx_hal_uart.o(i.HAL_UART_Transmit)
    HAL_UART_TxCpltCallback                  0x08003b83   Thumb Code     2  stm32f4xx_hal_uart.o(i.HAL_UART_TxCpltCallback)
    HardFault_Handler                        0x08003b85   Thumb Code     2  stm32f4xx_it.o(i.HardFault_Handler)
    MX_ADC1_Init                             0x08003b89   Thumb Code    92  adc.o(i.MX_ADC1_Init)
    MX_DMA_Init                              0x08003bed   Thumb Code    40  dma.o(i.MX_DMA_Init)
    MX_GPIO_Init                             0x08003c19   Thumb Code   184  gpio.o(i.MX_GPIO_Init)
    MX_TIM2_Init                             0x08003cdd   Thumb Code   138  tim.o(i.MX_TIM2_Init)
    MX_TIM5_Init                             0x08003d71   Thumb Code    92  tim.o(i.MX_TIM5_Init)
    MX_USART1_UART_Init                      0x08003dd9   Thumb Code    54  usart.o(i.MX_USART1_UART_Init)
    MemManage_Handler                        0x08003e1d   Thumb Code     2  stm32f4xx_it.o(i.MemManage_Handler)
    NMI_Handler                              0x08003e1f   Thumb Code     2  stm32f4xx_it.o(i.NMI_Handler)
    PendSV_Handler                           0x08003e21   Thumb Code     2  stm32f4xx_it.o(i.PendSV_Handler)
    SVC_Handler                              0x08003fb1   Thumb Code     2  stm32f4xx_it.o(i.SVC_Handler)
    SysTick_Handler                          0x08003fb3   Thumb Code     4  stm32f4xx_it.o(i.SysTick_Handler)
    SystemClock_Config                       0x08003fb9   Thumb Code   132  main.o(i.SystemClock_Config)
    SystemInit                               0x08004045   Thumb Code    12  system_stm32f4xx.o(i.SystemInit)
    TIM5_IRQHandler                          0x08004055   Thumb Code     6  stm32f4xx_it.o(i.TIM5_IRQHandler)
    TIM_Base_SetConfig                       0x08004061   Thumb Code   156  stm32f4xx_hal_tim.o(i.TIM_Base_SetConfig)
    TIM_CCxChannelCmd                        0x08004129   Thumb Code   142  stm32f4xx_hal_tim.o(i.TIM_CCxChannelCmd)
    TIM_ETR_SetConfig                        0x0800421d   Thumb Code    20  stm32f4xx_hal_tim.o(i.TIM_ETR_SetConfig)
    TIM_OC2_SetConfig                        0x08004325   Thumb Code   170  stm32f4xx_hal_tim.o(i.TIM_OC2_SetConfig)
    Timer_2_Adjust                           0x080045e9   Thumb Code    28  tim.o(i.Timer_2_Adjust)
    UARTHMI_Cross_Page_Set_Number            0x08004635   Thumb Code    50  usart_hmi.o(i.UARTHMI_Cross_Page_Set_Number)
    UARTHMI_Forget_It                        0x0800467d   Thumb Code     6  usart_hmi.o(i.UARTHMI_Forget_It)
    UARTHMI_Reset                            0x080046c9   Thumb Code     6  usart_hmi.o(i.UARTHMI_Reset)
    UARTHMI_Send_Number                      0x080046d9   Thumb Code     4  usart_hmi.o(i.UARTHMI_Send_Number)
    UARTHMI_Set_Number                       0x080046dd   Thumb Code    76  usart_hmi.o(i.UARTHMI_Set_Number)
    UART_RX_Data_Parse                       0x08004795   Thumb Code    60  usart.o(i.UART_RX_Data_Parse)
    UART_Start_Receive_IT                    0x08004a35   Thumb Code    58  stm32f4xx_hal_uart.o(i.UART_Start_Receive_IT)
    USART1_IRQHandler                        0x08004ae9   Thumb Code     6  stm32f4xx_it.o(i.USART1_IRQHandler)
    USART_Send_Data_Direct                   0x08004af5   Thumb Code    28  usart.o(i.USART_Send_Data_Direct)
    UsageFault_Handler                       0x08004b15   Thumb Code     2  stm32f4xx_it.o(i.UsageFault_Handler)
    __0printf$3                              0x08004b19   Thumb Code    22  printf3.o(i.__0printf$3)
    __1printf$3                              0x08004b19   Thumb Code     0  printf3.o(i.__0printf$3)
    __2printf                                0x08004b19   Thumb Code     0  printf3.o(i.__0printf$3)
    __0sprintf$3                             0x08004b39   Thumb Code    34  printf3.o(i.__0sprintf$3)
    __1sprintf$3                             0x08004b39   Thumb Code     0  printf3.o(i.__0sprintf$3)
    __2sprintf                               0x08004b39   Thumb Code     0  printf3.o(i.__0sprintf$3)
    __ARM_fpclassifyf                        0x08004b61   Thumb Code    38  fpclassifyf.o(i.__ARM_fpclassifyf)
    __hardfp_expf                            0x08004c29   Thumb Code   426  expf.o(i.__hardfp_expf)
    __mathlib_expf                           0x08004c29   Thumb Code     0  expf.o(i.__hardfp_expf)
    __hardfp_logf                            0x08004e11   Thumb Code   320  logf.o(i.__hardfp_logf)
    __mathlib_logf                           0x08004e11   Thumb Code     0  logf.o(i.__hardfp_logf)
    __hardfp_sqrtf                           0x08004f7d   Thumb Code    58  sqrtf.o(i.__hardfp_sqrtf)
    __mathlib_flt_divzero                    0x08004fb9   Thumb Code    14  funder.o(i.__mathlib_flt_divzero)
    __mathlib_flt_infnan                     0x08004fcd   Thumb Code     6  funder.o(i.__mathlib_flt_infnan)
    __mathlib_flt_invalid                    0x08004fd5   Thumb Code    10  funder.o(i.__mathlib_flt_invalid)
    __mathlib_flt_overflow                   0x08004fe5   Thumb Code    10  funder.o(i.__mathlib_flt_overflow)
    __mathlib_flt_underflow                  0x08004ff5   Thumb Code    10  funder.o(i.__mathlib_flt_underflow)
    __scatterload_copy                       0x08005005   Thumb Code    14  handlers.o(i.__scatterload_copy)
    __scatterload_null                       0x08005013   Thumb Code     2  handlers.o(i.__scatterload_null)
    __scatterload_zeroinit                   0x08005015   Thumb Code    14  handlers.o(i.__scatterload_zeroinit)
    __set_errno                              0x08005025   Thumb Code     6  errno.o(i.__set_errno)
    assert_failed                            0x080051f5   Thumb Code    10  main.o(i.assert_failed)
    fputc                                    0x08005245   Thumb Code    14  usart.o(i.fputc)
    free                                     0x08005259   Thumb Code    76  malloc.o(i.free)
    main                                     0x080052a9   Thumb Code   412  main.o(i.main)
    malloc                                   0x080054a1   Thumb Code    92  malloc.o(i.malloc)
    AHBPrescTable                            0x08005616   Data          16  system_stm32f4xx.o(.constdata)
    APBPrescTable                            0x08005626   Data           8  system_stm32f4xx.o(.constdata)
    Region$$Table$$Base                      0x080056a0   Number         0  anon$$obj.o(Region$$Table)
    Region$$Table$$Limit                     0x080056c0   Number         0  anon$$obj.o(Region$$Table)
    conv_done                                0x20000000   Data           1  main.o(.data)
    paused                                   0x20000004   Data           1  main.o(.data)
    with_calibration_done                    0x20000005   Data           1  main.o(.data)
    without_calibration_done                 0x20000006   Data           1  main.o(.data)
    overtime                                 0x20000007   Data           1  main.o(.data)
    reference_voltage                        0x20000010   Data           4  main.o(.data)
    actual_voltage                           0x20000014   Data           4  main.o(.data)
    metal_detect_thresh                      0x20000018   Data           4  main.o(.data)
    with_ref_vol                             0x2000001c   Data           4  main.o(.data)
    without_ref_vol                          0x20000020   Data           4  main.o(.data)
    initialization_done                      0x20000050   Data           1  usart.o(.data)
    ready_to_receive                         0x20000051   Data           1  usart.o(.data)
    receive_done                             0x20000052   Data           1  usart.o(.data)
    with_metal                               0x20000053   Data           1  usart.o(.data)
    without_metal                            0x20000054   Data           1  usart.o(.data)
    uwTickFreq                               0x2000005c   Data           1  stm32f4xx_hal.o(.data)
    uwTickPrio                               0x20000060   Data           4  stm32f4xx_hal.o(.data)
    uwTick                                   0x20000064   Data           4  stm32f4xx_hal.o(.data)
    SystemCoreClock                          0x20000068   Data           4  system_stm32f4xx.o(.data)
    __stdout                                 0x2000006c   Data           4  stdout.o(.data)
    __microlib_freelist                      0x20000070   Data           4  mvars.o(.data)
    __microlib_freelist_initialised          0x20000074   Data           4  mvars.o(.data)
    quadrant_time_stamp                      0x200000bc   Data          16  main.o(.bss)
    adc_values                               0x200000cc   Data        2056  main.o(.bss)
    hadc1                                    0x200008d4   Data          72  adc.o(.bss)
    hdma_adc1                                0x2000091c   Data          96  adc.o(.bss)
    htim2                                    0x2000097c   Data          72  tim.o(.bss)
    htim5                                    0x200009c4   Data          72  tim.o(.bss)
    uart1_rx_bp                              0x20000a0c   Data         128  usart.o(.bss)
    uart1_tx_bp                              0x20000a8c   Data         128  usart.o(.bss)
    huart1                                   0x20000b0c   Data          68  usart.o(.bss)
    __heap_base                              0x20000b50   Data           0  startup_stm32f407xx.o(HEAP)
    __heap_limit                             0x20000d50   Data           0  startup_stm32f407xx.o(HEAP)
    __initial_sp                             0x20001d50   Data           0  startup_stm32f407xx.o(STACK)



==============================================================================

Memory Map of the image

  Image Entry point : 0x08000189

  Load Region LR_IROM1 (Base: 0x08000000, Size: 0x0000573c, Max: 0x00100000, ABSOLUTE)

    Execution Region ER_IROM1 (Exec base: 0x08000000, Load base: 0x08000000, Size: 0x000056c0, Max: 0x00100000, ABSOLUTE)

    Exec Addr    Load Addr    Size         Type   Attr      Idx    E Section Name        Object

    0x08000000   0x08000000   0x00000188   Data   RO            3    RESET               startup_stm32f407xx.o
    0x08000188   0x08000188   0x00000000   Code   RO         3604  * .ARM.Collect$$$$00000000  mc_w.l(entry.o)
    0x08000188   0x08000188   0x00000004   Code   RO         3920    .ARM.Collect$$$$00000001  mc_w.l(entry2.o)
    0x0800018c   0x0800018c   0x00000004   Code   RO         3923    .ARM.Collect$$$$00000004  mc_w.l(entry5.o)
    0x08000190   0x08000190   0x00000000   Code   RO         3925    .ARM.Collect$$$$00000008  mc_w.l(entry7b.o)
    0x08000190   0x08000190   0x00000000   Code   RO         3927    .ARM.Collect$$$$0000000A  mc_w.l(entry8b.o)
    0x08000190   0x08000190   0x00000008   Code   RO         3928    .ARM.Collect$$$$0000000B  mc_w.l(entry9a.o)
    0x08000198   0x08000198   0x00000004   Code   RO         3935    .ARM.Collect$$$$0000000E  mc_w.l(entry12b.o)
    0x0800019c   0x0800019c   0x00000000   Code   RO         3930    .ARM.Collect$$$$0000000F  mc_w.l(entry10a.o)
    0x0800019c   0x0800019c   0x00000000   Code   RO         3932    .ARM.Collect$$$$00000011  mc_w.l(entry11a.o)
    0x0800019c   0x0800019c   0x00000004   Code   RO         3921    .ARM.Collect$$$$00002712  mc_w.l(entry2.o)
    0x080001a0   0x080001a0   0x00000024   Code   RO            4    .text               startup_stm32f407xx.o
    0x080001c4   0x080001c4   0x00000062   Code   RO         3607    .text               mc_w.l(uldiv.o)
    0x08000226   0x08000226   0x00000024   Code   RO         3609    .text               mc_w.l(memseta.o)
    0x0800024a   0x0800024a   0x0000000e   Code   RO         3613    .text               mc_w.l(strlen.o)
    0x08000258   0x08000258   0x0000002c   Code   RO         3937    .text               mc_w.l(uidiv.o)
    0x08000284   0x08000284   0x0000001e   Code   RO         3939    .text               mc_w.l(llshl.o)
    0x080002a2   0x080002a2   0x00000020   Code   RO         3941    .text               mc_w.l(llushr.o)
    0x080002c2   0x080002c2   0x00000000   Code   RO         3956    .text               mc_w.l(iusefp.o)
    0x080002c2   0x080002c2   0x00000002   PAD
    0x080002c4   0x080002c4   0x00000024   Code   RO         3969    .text               mc_w.l(init.o)
    0x080002e8   0x080002e8   0x0000006e   Code   RO          773    i.ADC_DMAConvCplt   stm32f4xx_hal_adc.o
    0x08000356   0x08000356   0x00000016   Code   RO          774    i.ADC_DMAError      stm32f4xx_hal_adc.o
    0x0800036c   0x0800036c   0x0000000a   Code   RO          775    i.ADC_DMAHalfConvCplt  stm32f4xx_hal_adc.o
    0x08000376   0x08000376   0x00000002   PAD
    0x08000378   0x08000378   0x00000024   Code   RO          403    i.ADC_Get_Values    adc.o
    0x0800039c   0x0800039c   0x00000048   Code   RO          404    i.ADC_Get_Vpp       adc.o
    0x080003e4   0x080003e4   0x00000084   Code   RO          405    i.ADC_Get_Vpp_Median  adc.o
    0x08000468   0x08000468   0x00000178   Code   RO          776    i.ADC_Init          stm32f4xx_hal_adc.o
    0x080005e0   0x080005e0   0x00000002   Code   RO          631    i.BusFault_Handler  stm32f4xx_it.o
    0x080005e2   0x080005e2   0x00000002   PAD
    0x080005e4   0x080005e4   0x0000005c   Code   RO          247    i.Configuration_Init  main.o
    0x08000640   0x08000640   0x0000000c   Code   RO          632    i.DMA2_Stream0_IRQHandler  stm32f4xx_it.o
    0x0800064c   0x0800064c   0x00000028   Code   RO         1525    i.DMA_CalcBaseAndBitshift  stm32f4xx_hal_dma.o
    0x08000674   0x08000674   0x00000054   Code   RO         1526    i.DMA_CheckFifoParam  stm32f4xx_hal_dma.o
    0x080006c8   0x080006c8   0x00000028   Code   RO         1527    i.DMA_SetConfig     stm32f4xx_hal_dma.o
    0x080006f0   0x080006f0   0x00000002   Code   RO          633    i.DebugMon_Handler  stm32f4xx_it.o
    0x080006f2   0x080006f2   0x00000006   Code   RO          634    i.EXTI0_IRQHandler  stm32f4xx_it.o
    0x080006f8   0x080006f8   0x00000006   Code   RO          635    i.EXTI1_IRQHandler  stm32f4xx_it.o
    0x080006fe   0x080006fe   0x00000006   Code   RO          636    i.EXTI2_IRQHandler  stm32f4xx_it.o
    0x08000704   0x08000704   0x00000006   Code   RO          637    i.EXTI3_IRQHandler  stm32f4xx_it.o
    0x0800070a   0x0800070a   0x00000002   PAD
    0x0800070c   0x0800070c   0x0000001c   Code   RO          248    i.Error_Handler     main.o
    0x08000728   0x08000728   0x00000164   Code   RO          249    i.Gradient_descent  main.o
    0x0800088c   0x0800088c   0x000000b8   Code   RO          250    i.Gradient_descent_wrapper  main.o
    0x08000944   0x08000944   0x000001d4   Code   RO          778    i.HAL_ADC_ConfigChannel  stm32f4xx_hal_adc.o
    0x08000b18   0x08000b18   0x0000001c   Code   RO          406    i.HAL_ADC_ConvCpltCallback  adc.o
    0x08000b34   0x08000b34   0x00000002   Code   RO          780    i.HAL_ADC_ConvHalfCpltCallback  stm32f4xx_hal_adc.o
    0x08000b36   0x08000b36   0x00000002   Code   RO          782    i.HAL_ADC_ErrorCallback  stm32f4xx_hal_adc.o
    0x08000b38   0x08000b38   0x00000220   Code   RO          787    i.HAL_ADC_Init      stm32f4xx_hal_adc.o
    0x08000d58   0x08000d58   0x00000098   Code   RO          408    i.HAL_ADC_MspInit   adc.o
    0x08000df0   0x08000df0   0x000001c0   Code   RO          794    i.HAL_ADC_Start_DMA  stm32f4xx_hal_adc.o
    0x08000fb0   0x08000fb0   0x00000092   Code   RO         1528    i.HAL_DMA_Abort     stm32f4xx_hal_dma.o
    0x08001042   0x08001042   0x00000024   Code   RO         1529    i.HAL_DMA_Abort_IT  stm32f4xx_hal_dma.o
    0x08001066   0x08001066   0x00000002   PAD
    0x08001068   0x08001068   0x000001a0   Code   RO         1533    i.HAL_DMA_IRQHandler  stm32f4xx_hal_dma.o
    0x08001208   0x08001208   0x000002e0   Code   RO         1534    i.HAL_DMA_Init      stm32f4xx_hal_dma.o
    0x080014e8   0x080014e8   0x000000c8   Code   RO         1538    i.HAL_DMA_Start_IT  stm32f4xx_hal_dma.o
    0x080015b0   0x080015b0   0x00000024   Code   RO         1947    i.HAL_Delay         stm32f4xx_hal.o
    0x080015d4   0x080015d4   0x0000005c   Code   RO          362    i.HAL_GPIO_EXTI_Callback  gpio.o
    0x08001630   0x08001630   0x00000018   Code   RO         1420    i.HAL_GPIO_EXTI_IRQHandler  stm32f4xx_hal_gpio.o
    0x08001648   0x08001648   0x000002fc   Code   RO         1421    i.HAL_GPIO_Init     stm32f4xx_hal_gpio.o
    0x08001944   0x08001944   0x0000006c   Code   RO         1425    i.HAL_GPIO_WritePin  stm32f4xx_hal_gpio.o
    0x080019b0   0x080019b0   0x0000000c   Code   RO         1953    i.HAL_GetTick       stm32f4xx_hal.o
    0x080019bc   0x080019bc   0x00000010   Code   RO         1959    i.HAL_IncTick       stm32f4xx_hal.o
    0x080019cc   0x080019cc   0x00000034   Code   RO         1960    i.HAL_Init          stm32f4xx_hal.o
    0x08001a00   0x08001a00   0x00000040   Code   RO         1961    i.HAL_InitTick      stm32f4xx_hal.o
    0x08001a40   0x08001a40   0x00000030   Code   RO          749    i.HAL_MspInit       stm32f4xx_hal_msp.o
    0x08001a70   0x08001a70   0x00000064   Code   RO         1810    i.HAL_NVIC_EnableIRQ  stm32f4xx_hal_cortex.o
    0x08001ad4   0x08001ad4   0x000000a0   Code   RO         1816    i.HAL_NVIC_SetPriority  stm32f4xx_hal_cortex.o
    0x08001b74   0x08001b74   0x00000080   Code   RO         1817    i.HAL_NVIC_SetPriorityGrouping  stm32f4xx_hal_cortex.o
    0x08001bf4   0x08001bf4   0x0000024c   Code   RO         1052    i.HAL_RCC_ClockConfig  stm32f4xx_hal_rcc.o
    0x08001e40   0x08001e40   0x00000020   Code   RO         1059    i.HAL_RCC_GetPCLK1Freq  stm32f4xx_hal_rcc.o
    0x08001e60   0x08001e60   0x00000020   Code   RO         1060    i.HAL_RCC_GetPCLK2Freq  stm32f4xx_hal_rcc.o
    0x08001e80   0x08001e80   0x00000060   Code   RO         1061    i.HAL_RCC_GetSysClockFreq  stm32f4xx_hal_rcc.o
    0x08001ee0   0x08001ee0   0x000004a8   Code   RO         1064    i.HAL_RCC_OscConfig  stm32f4xx_hal_rcc.o
    0x08002388   0x08002388   0x00000028   Code   RO         1821    i.HAL_SYSTICK_Config  stm32f4xx_hal_cortex.o
    0x080023b0   0x080023b0   0x00000002   Code   RO         2905    i.HAL_TIMEx_BreakCallback  stm32f4xx_hal_tim_ex.o
    0x080023b2   0x080023b2   0x00000002   Code   RO         2906    i.HAL_TIMEx_CommutCallback  stm32f4xx_hal_tim_ex.o
    0x080023b4   0x080023b4   0x00000150   Code   RO         2924    i.HAL_TIMEx_MasterConfigSynchronization  stm32f4xx_hal_tim_ex.o
    0x08002504   0x08002504   0x00000170   Code   RO         2200    i.HAL_TIM_Base_Init  stm32f4xx_hal_tim.o
    0x08002674   0x08002674   0x00000050   Code   RO          499    i.HAL_TIM_Base_MspInit  tim.o
    0x080026c4   0x080026c4   0x00000128   Code   RO         2203    i.HAL_TIM_Base_Start  stm32f4xx_hal_tim.o
    0x080027ec   0x080027ec   0x00000100   Code   RO         2208    i.HAL_TIM_Base_Stop_IT  stm32f4xx_hal_tim.o
    0x080028ec   0x080028ec   0x00000410   Code   RO         2209    i.HAL_TIM_ConfigClockSource  stm32f4xx_hal_tim.o
    0x08002cfc   0x08002cfc   0x00000002   Code   RO         2234    i.HAL_TIM_IC_CaptureCallback  stm32f4xx_hal_tim.o
    0x08002cfe   0x08002cfe   0x00000166   Code   RO         2248    i.HAL_TIM_IRQHandler  stm32f4xx_hal_tim.o
    0x08002e64   0x08002e64   0x00000002   Code   RO         2251    i.HAL_TIM_OC_DelayElapsedCallback  stm32f4xx_hal_tim.o
    0x08002e66   0x08002e66   0x00000002   PAD
    0x08002e68   0x08002e68   0x00000268   Code   RO         2272    i.HAL_TIM_PWM_ConfigChannel  stm32f4xx_hal_tim.o
    0x080030d0   0x080030d0   0x00000170   Code   RO         2275    i.HAL_TIM_PWM_Init  stm32f4xx_hal_tim.o
    0x08003240   0x08003240   0x00000002   Code   RO         2277    i.HAL_TIM_PWM_MspInit  stm32f4xx_hal_tim.o
    0x08003242   0x08003242   0x00000002   Code   RO         2278    i.HAL_TIM_PWM_PulseFinishedCallback  stm32f4xx_hal_tim.o
    0x08003244   0x08003244   0x000001dc   Code   RO         2280    i.HAL_TIM_PWM_Start  stm32f4xx_hal_tim.o
    0x08003420   0x08003420   0x000001a4   Code   RO         2283    i.HAL_TIM_PWM_Stop  stm32f4xx_hal_tim.o
    0x080035c4   0x080035c4   0x00000018   Code   RO          500    i.HAL_TIM_PeriodElapsedCallback  tim.o
    0x080035dc   0x080035dc   0x00000002   Code   RO         2291    i.HAL_TIM_TriggerCallback  stm32f4xx_hal_tim.o
    0x080035de   0x080035de   0x00000002   Code   RO         3183    i.HAL_UARTEx_RxEventCallback  stm32f4xx_hal_uart.o
    0x080035e0   0x080035e0   0x00000002   Code   RO         3197    i.HAL_UART_ErrorCallback  stm32f4xx_hal_uart.o
    0x080035e2   0x080035e2   0x0000000a   Code   RO         3199    i.HAL_UART_GetState  stm32f4xx_hal_uart.o
    0x080035ec   0x080035ec   0x00000268   Code   RO         3200    i.HAL_UART_IRQHandler  stm32f4xx_hal_uart.o
    0x08003854   0x08003854   0x0000014c   Code   RO         3201    i.HAL_UART_Init     stm32f4xx_hal_uart.o
    0x080039a0   0x080039a0   0x0000007c   Code   RO          559    i.HAL_UART_MspInit  usart.o
    0x08003a1c   0x08003a1c   0x0000002a   Code   RO         3206    i.HAL_UART_Receive_IT  stm32f4xx_hal_uart.o
    0x08003a46   0x08003a46   0x00000002   PAD
    0x08003a48   0x08003a48   0x00000088   Code   RO          560    i.HAL_UART_RxCpltCallback  usart.o
    0x08003ad0   0x08003ad0   0x000000b2   Code   RO         3209    i.HAL_UART_Transmit  stm32f4xx_hal_uart.o
    0x08003b82   0x08003b82   0x00000002   Code   RO         3212    i.HAL_UART_TxCpltCallback  stm32f4xx_hal_uart.o
    0x08003b84   0x08003b84   0x00000002   Code   RO          638    i.HardFault_Handler  stm32f4xx_it.o
    0x08003b86   0x08003b86   0x00000002   PAD
    0x08003b88   0x08003b88   0x00000064   Code   RO          409    i.MX_ADC1_Init      adc.o
    0x08003bec   0x08003bec   0x0000002c   Code   RO          474    i.MX_DMA_Init       dma.o
    0x08003c18   0x08003c18   0x000000c4   Code   RO          363    i.MX_GPIO_Init      gpio.o
    0x08003cdc   0x08003cdc   0x00000094   Code   RO          501    i.MX_TIM2_Init      tim.o
    0x08003d70   0x08003d70   0x00000068   Code   RO          502    i.MX_TIM5_Init      tim.o
    0x08003dd8   0x08003dd8   0x00000044   Code   RO          561    i.MX_USART1_UART_Init  usart.o
    0x08003e1c   0x08003e1c   0x00000002   Code   RO          639    i.MemManage_Handler  stm32f4xx_it.o
    0x08003e1e   0x08003e1e   0x00000002   Code   RO          640    i.NMI_Handler       stm32f4xx_it.o
    0x08003e20   0x08003e20   0x00000002   Code   RO          641    i.PendSV_Handler    stm32f4xx_it.o
    0x08003e22   0x08003e22   0x00000002   PAD
    0x08003e24   0x08003e24   0x0000018c   Code   RO          251    i.Quadrant_Lattice_Indexing  main.o
    0x08003fb0   0x08003fb0   0x00000002   Code   RO          642    i.SVC_Handler       stm32f4xx_it.o
    0x08003fb2   0x08003fb2   0x00000004   Code   RO          643    i.SysTick_Handler   stm32f4xx_it.o
    0x08003fb6   0x08003fb6   0x00000002   PAD
    0x08003fb8   0x08003fb8   0x0000008c   Code   RO          252    i.SystemClock_Config  main.o
    0x08004044   0x08004044   0x00000010   Code   RO         3530    i.SystemInit        system_stm32f4xx.o
    0x08004054   0x08004054   0x0000000c   Code   RO          644    i.TIM5_IRQHandler   stm32f4xx_it.o
    0x08004060   0x08004060   0x000000c8   Code   RO         2293    i.TIM_Base_SetConfig  stm32f4xx_hal_tim.o
    0x08004128   0x08004128   0x000000f4   Code   RO         2294    i.TIM_CCxChannelCmd  stm32f4xx_hal_tim.o
    0x0800421c   0x0800421c   0x00000014   Code   RO         2304    i.TIM_ETR_SetConfig  stm32f4xx_hal_tim.o
    0x08004230   0x08004230   0x00000010   Code   RO         2305    i.TIM_ITRx_SetConfig  stm32f4xx_hal_tim.o
    0x08004240   0x08004240   0x000000e4   Code   RO         2306    i.TIM_OC1_SetConfig  stm32f4xx_hal_tim.o
    0x08004324   0x08004324   0x000000ec   Code   RO         2307    i.TIM_OC2_SetConfig  stm32f4xx_hal_tim.o
    0x08004410   0x08004410   0x000000ec   Code   RO         2308    i.TIM_OC3_SetConfig  stm32f4xx_hal_tim.o
    0x080044fc   0x080044fc   0x000000a4   Code   RO         2309    i.TIM_OC4_SetConfig  stm32f4xx_hal_tim.o
    0x080045a0   0x080045a0   0x00000022   Code   RO         2311    i.TIM_TI1_ConfigInputStage  stm32f4xx_hal_tim.o
    0x080045c2   0x080045c2   0x00000024   Code   RO         2313    i.TIM_TI2_ConfigInputStage  stm32f4xx_hal_tim.o
    0x080045e6   0x080045e6   0x00000002   PAD
    0x080045e8   0x080045e8   0x00000024   Code   RO          503    i.Timer_2_Adjust    tim.o
    0x0800460c   0x0800460c   0x00000028   Code   RO           13    i.UARTHMI_Append_Ending  usart_hmi.o
    0x08004634   0x08004634   0x00000048   Code   RO           14    i.UARTHMI_Cross_Page_Set_Number  usart_hmi.o
    0x0800467c   0x0800467c   0x00000010   Code   RO           17    i.UARTHMI_Forget_It  usart_hmi.o
    0x0800468c   0x0800468c   0x0000003a   Code   RO           18    i.UARTHMI_Get_Integer_Digits  usart_hmi.o
    0x080046c6   0x080046c6   0x00000002   PAD
    0x080046c8   0x080046c8   0x00000010   Code   RO           19    i.UARTHMI_Reset     usart_hmi.o
    0x080046d8   0x080046d8   0x00000004   Code   RO           21    i.UARTHMI_Send_Number  usart_hmi.o
    0x080046dc   0x080046dc   0x00000058   Code   RO           23    i.UARTHMI_Set_Number  usart_hmi.o
    0x08004734   0x08004734   0x00000010   Code   RO         3214    i.UART_DMAAbortOnError  stm32f4xx_hal_uart.o
    0x08004744   0x08004744   0x0000004e   Code   RO         3224    i.UART_EndRxTransfer  stm32f4xx_hal_uart.o
    0x08004792   0x08004792   0x00000002   PAD
    0x08004794   0x08004794   0x00000040   Code   RO          562    i.UART_RX_Data_Parse  usart.o
    0x080047d4   0x080047d4   0x000000c0   Code   RO         3226    i.UART_Receive_IT   stm32f4xx_hal_uart.o
    0x08004894   0x08004894   0x000001a0   Code   RO         3227    i.UART_SetConfig    stm32f4xx_hal_uart.o
    0x08004a34   0x08004a34   0x0000003a   Code   RO         3229    i.UART_Start_Receive_IT  stm32f4xx_hal_uart.o
    0x08004a6e   0x08004a6e   0x00000078   Code   RO         3230    i.UART_WaitOnFlagUntilTimeout  stm32f4xx_hal_uart.o
    0x08004ae6   0x08004ae6   0x00000002   PAD
    0x08004ae8   0x08004ae8   0x0000000c   Code   RO          645    i.USART1_IRQHandler  stm32f4xx_it.o
    0x08004af4   0x08004af4   0x00000020   Code   RO          563    i.USART_Send_Data_Direct  usart.o
    0x08004b14   0x08004b14   0x00000002   Code   RO          646    i.UsageFault_Handler  stm32f4xx_it.o
    0x08004b16   0x08004b16   0x00000002   PAD
    0x08004b18   0x08004b18   0x00000020   Code   RO         3704    i.__0printf$3       mc_w.l(printf3.o)
    0x08004b38   0x08004b38   0x00000028   Code   RO         3706    i.__0sprintf$3      mc_w.l(printf3.o)
    0x08004b60   0x08004b60   0x00000026   Code   RO         3904    i.__ARM_fpclassifyf  m_wm.l(fpclassifyf.o)
    0x08004b86   0x08004b86   0x00000022   Code   RO          253    i.__NVIC_DisableIRQ  main.o
    0x08004ba8   0x08004ba8   0x00000022   Code   RO          364    i.__NVIC_DisableIRQ  gpio.o
    0x08004bca   0x08004bca   0x0000001a   Code   RO          254    i.__NVIC_EnableIRQ  main.o
    0x08004be4   0x08004be4   0x00000024   Code   RO          255    i.__NVIC_GetEnableIRQ  main.o
    0x08004c08   0x08004c08   0x00000020   Code   RO         1823    i.__NVIC_SetPriority  stm32f4xx_hal_cortex.o
    0x08004c28   0x08004c28   0x000001e8   Code   RO         3564    i.__hardfp_expf     m_wm.l(expf.o)
    0x08004e10   0x08004e10   0x0000016c   Code   RO         3578    i.__hardfp_logf     m_wm.l(logf.o)
    0x08004f7c   0x08004f7c   0x0000003a   Code   RO         3592    i.__hardfp_sqrtf    m_wm.l(sqrtf.o)
    0x08004fb6   0x08004fb6   0x00000002   PAD
    0x08004fb8   0x08004fb8   0x00000014   Code   RO         3906    i.__mathlib_flt_divzero  m_wm.l(funder.o)
    0x08004fcc   0x08004fcc   0x00000006   Code   RO         3907    i.__mathlib_flt_infnan  m_wm.l(funder.o)
    0x08004fd2   0x08004fd2   0x00000002   PAD
    0x08004fd4   0x08004fd4   0x00000010   Code   RO         3909    i.__mathlib_flt_invalid  m_wm.l(funder.o)
    0x08004fe4   0x08004fe4   0x00000010   Code   RO         3910    i.__mathlib_flt_overflow  m_wm.l(funder.o)
    0x08004ff4   0x08004ff4   0x00000010   Code   RO         3912    i.__mathlib_flt_underflow  m_wm.l(funder.o)
    0x08005004   0x08005004   0x0000000e   Code   RO         3977    i.__scatterload_copy  mc_w.l(handlers.o)
    0x08005012   0x08005012   0x00000002   Code   RO         3978    i.__scatterload_null  mc_w.l(handlers.o)
    0x08005014   0x08005014   0x0000000e   Code   RO         3979    i.__scatterload_zeroinit  mc_w.l(handlers.o)
    0x08005022   0x08005022   0x00000002   PAD
    0x08005024   0x08005024   0x0000000c   Code   RO         3951    i.__set_errno       mc_w.l(errno.o)
    0x08005030   0x08005030   0x000001b8   Code   RO         3711    i._printf_core      mc_w.l(printf3.o)
    0x080051e8   0x080051e8   0x0000000a   Code   RO         3713    i._sputc            mc_w.l(printf3.o)
    0x080051f2   0x080051f2   0x00000002   PAD
    0x080051f4   0x080051f4   0x0000003c   Code   RO          256    i.assert_failed     main.o
    0x08005230   0x08005230   0x00000014   Code   RO          257    i.dist              main.o
    0x08005244   0x08005244   0x00000014   Code   RO          565    i.fputc             usart.o
    0x08005258   0x08005258   0x00000050   Code   RO         3876    i.free              mc_w.l(malloc.o)
    0x080052a8   0x080052a8   0x000001f8   Code   RO          258    i.main              main.o
    0x080054a0   0x080054a0   0x0000006c   Code   RO         3877    i.malloc            mc_w.l(malloc.o)
    0x0800550c   0x0800550c   0x000000f6   Code   RO          410    i.merge_sort        adc.o
    0x08005602   0x08005602   0x0000000c   Code   RO          259    i.norm              main.o
    0x0800560e   0x0800560e   0x00000008   Data   RO         1540    .constdata          stm32f4xx_hal_dma.o
    0x08005616   0x08005616   0x00000010   Data   RO         3531    .constdata          system_stm32f4xx.o
    0x08005626   0x08005626   0x00000008   Data   RO         3532    .constdata          system_stm32f4xx.o
    0x0800562e   0x0800562e   0x00000002   PAD
    0x08005630   0x08005630   0x00000030   Data   RO         3567    .constdata          m_wm.l(expf.o)
    0x08005660   0x08005660   0x00000040   Data   RO         3581    .constdata          m_wm.l(logf.o)
    0x080056a0   0x080056a0   0x00000020   Data   RO         3975    Region$$Table       anon$$obj.o


    Execution Region RW_IRAM1 (Exec base: 0x20000000, Load base: 0x080056c0, Size: 0x00001d50, Max: 0x0001c000, ABSOLUTE)

    Exec Addr    Load Addr    Size         Type   Attr      Idx    E Section Name        Object

    0x20000000   0x080056c0   0x00000001   Data   RW          261    .data               main.o
    0x20000001   0x080056c1   0x00000003   PAD
    0x20000004   0x080056c4   0x00000048   Data   RW          262    .data               main.o
    0x2000004c   0x0800570c   0x00000004   Data   RW          365    .data               gpio.o
    0x20000050   0x08005710   0x0000000c   Data   RW          567    .data               usart.o
    0x2000005c   0x0800571c   0x0000000c   Data   RW         1967    .data               stm32f4xx_hal.o
    0x20000068   0x08005728   0x00000004   Data   RW         3533    .data               system_stm32f4xx.o
    0x2000006c   0x0800572c   0x00000004   Data   RW         3936    .data               mc_w.l(stdout.o)
    0x20000070   0x08005730   0x00000004   Data   RW         3947    .data               mc_w.l(mvars.o)
    0x20000074   0x08005734   0x00000004   Data   RW         3948    .data               mc_w.l(mvars.o)
    0x20000078   0x08005738   0x00000004   Data   RW         3952    .data               mc_w.l(errno.o)
    0x2000007c        -       0x00000858   Zero   RW          260    .bss                main.o
    0x200008d4        -       0x000000a8   Zero   RW          411    .bss                adc.o
    0x2000097c        -       0x00000090   Zero   RW          504    .bss                tim.o
    0x20000a0c        -       0x00000144   Zero   RW          566    .bss                usart.o
    0x20000b50        -       0x00000200   Zero   RW            2    HEAP                startup_stm32f407xx.o
    0x20000d50        -       0x00001000   Zero   RW            1    STACK               startup_stm32f407xx.o


    Execution Region RW_IRAM2 (Exec base: 0x2001c000, Load base: 0x0800573c, Size: 0x00000000, Max: 0x00004000, ABSOLUTE)

    **** No section assigned to this execution region ****


==============================================================================

Image component sizes


      Code (inc. data)   RO Data    RW Data    ZI Data      Debug   Object Name

       766         62          0          0        168       6118   adc.o
        44          4          0          0          0        814   dma.o
       322         26          0          4          0      32491   gpio.o
      1888        272          0         73       2136      39812   main.o
        36          8        392          0       4608        856   startup_stm32f407xx.o
       180         28          0         12          0       9569   stm32f4xx_hal.o
      1982        308          0          0          0       7306   stm32f4xx_hal_adc.o
       460        196          0          0          0      34239   stm32f4xx_hal_cortex.o
      1698        138          8          0          0       7698   stm32f4xx_hal_dma.o
       896        178          0          0          0       3051   stm32f4xx_hal_gpio.o
        48          6          0          0          0        894   stm32f4xx_hal_msp.o
      1940        184          0          0          0       5556   stm32f4xx_hal_rcc.o
      5622       1252          0          0          0      20263   stm32f4xx_hal_tim.o
       340         94          0          0          0       2605   stm32f4xx_hal_tim_ex.o
      2064        164          0          0          0      12420   stm32f4xx_hal_uart.o
        80         18          0          0          0       7762   stm32f4xx_it.o
        16          4         24          4          0       1187   system_stm32f4xx.o
       392         46          0          0        144       3628   tim.o
       444         70          0         12        324       4645   usart.o
       294         60          0          0          0     711027   usart_hmi.o

    ----------------------------------------------------------------------
     19540       3118        458        108       7380     911941   Object Totals
         0          0         32          0          0          0   (incl. Generated)
        28          0          2          3          0          0   (incl. Padding)

    ----------------------------------------------------------------------

      Code (inc. data)   RO Data    RW Data    ZI Data      Debug   Library Member Name

       488         62         48          0          0        236   expf.o
        38          0          0          0          0        116   fpclassifyf.o
        74         24          0          0          0        580   funder.o
       364         44         64          0          0        140   logf.o
        58          0          0          0          0        136   sqrtf.o
         0          0          0          0          0          0   entry.o
         0          0          0          0          0          0   entry10a.o
         0          0          0          0          0          0   entry11a.o
         4          0          0          0          0          0   entry12b.o
         8          4          0          0          0          0   entry2.o
         4          0          0          0          0          0   entry5.o
         0          0          0          0          0          0   entry7b.o
         0          0          0          0          0          0   entry8b.o
         8          4          0          0          0          0   entry9a.o
        12          6          0          4          0         68   errno.o
        30          0          0          0          0          0   handlers.o
        36          8          0          0          0         68   init.o
         0          0          0          0          0          0   iusefp.o
        30          0          0          0          0         68   llshl.o
        32          0          0          0          0         68   llushr.o
       188         20          0          0          0        160   malloc.o
        36          0          0          0          0        108   memseta.o
         0          0          0          8          0          0   mvars.o
       522         20          0          0          0        336   printf3.o
         0          0          0          4          0          0   stdout.o
        14          0          0          0          0         68   strlen.o
        44          0          0          0          0         80   uidiv.o
        98          0          0          0          0         92   uldiv.o

    ----------------------------------------------------------------------
      2098        192        112         16          0       2324   Library Totals
        10          0          0          0          0          0   (incl. Padding)

    ----------------------------------------------------------------------

      Code (inc. data)   RO Data    RW Data    ZI Data      Debug   Library Name

      1022        130        112          0          0       1208   m_wm.l
      1066         62          0         16          0       1116   mc_w.l

    ----------------------------------------------------------------------
      2098        192        112         16          0       2324   Library Totals

    ----------------------------------------------------------------------

==============================================================================


      Code (inc. data)   RO Data    RW Data    ZI Data      Debug   

     21638       3310        570        124       7380     900301   Grand Totals
     21638       3310        570        124       7380     900301   ELF Image Totals
     21638       3310        570        124          0          0   ROM Totals

==============================================================================

    Total RO  Size (Code + RO Data)                22208 (  21.69kB)
    Total RW  Size (RW Data + ZI Data)              7504 (   7.33kB)
    Total ROM Size (Code + RO Data + RW Data)      22332 (  21.81kB)

==============================================================================

